[    0.000000] Initializing cgroup subsys cpuset
[    0.000000] Initializing cgroup subsys cpu
[    0.000000] Initializing cgroup subsys cpuacct
[    0.000000] Linux version 4.4.162-94.72-default (geeko@buildhost) (gcc version 4.8.5 (SUSE Linux) ) #1 SMP Mon Nov 12 18:57:45 UTC 2018 (9de753f)
[    0.000000] Command line: BOOT_IMAGE=/boot/vmlinuz-4.4.162-94.72-default root=UUID=e1a51c74-99c0-445f-804d-51eca2918b49 ro nortsched add_efi_memmap elevator=deadline transparent_hugepage=never rcupdate.rcu_cpu_stall_suppress=1 uv_nmi.action=kdump bau=0 nobau nowatchdog intel_idle.max_cstate=1 mce=2 numa_balancing=disable earlyprintk=ttyS0,115200n8 selinux=0 log_buf_len=8M skew_tick=1 pci=hpiosize=0,hpmemsize=0,nobar cgroup_disable=memory crashkernel=16G-4096G:512M,4096G-16384G:1G,16384G-32768G:2G,32768G-:3G@4G console=ttyS0,115200 text resume=/dev/mapper/360002ac00000000000000063000099c6-part2 splash=silent showopts
[    0.000000] x86/fpu: xstate_offset[2]:  576, xstate_sizes[2]:  256
[    0.000000] x86/fpu: xstate_offset[3]:  960, xstate_sizes[3]:   64
[    0.000000] x86/fpu: xstate_offset[4]: 1024, xstate_sizes[4]:   64
[    0.000000] x86/fpu: xstate_offset[5]: 1088, xstate_sizes[5]:   64
[    0.000000] x86/fpu: xstate_offset[6]: 1152, xstate_sizes[6]:  512
[    0.000000] x86/fpu: xstate_offset[7]: 1664, xstate_sizes[7]: 1024
[    0.000000] x86/fpu: xstate_offset[9]: 2688, xstate_sizes[9]:    8
[    0.000000] x86/fpu: Supporting XSAVE feature 0x001: 'x87 floating point registers'
[    0.000000] x86/fpu: Supporting XSAVE feature 0x002: 'SSE registers'
[    0.000000] x86/fpu: Supporting XSAVE feature 0x004: 'AVX registers'
[    0.000000] x86/fpu: Supporting XSAVE feature 0x008: 'MPX bounds registers'
[    0.000000] x86/fpu: Supporting XSAVE feature 0x010: 'MPX CSR'
[    0.000000] x86/fpu: Supporting XSAVE feature 0x020: 'AVX-512 opmask'
[    0.000000] x86/fpu: Supporting XSAVE feature 0x040: 'AVX-512 Hi256'
[    0.000000] x86/fpu: Supporting XSAVE feature 0x080: 'AVX-512 ZMM_Hi256'
[    0.000000] x86/fpu: Supporting XSAVE feature 0x200: 'Protection Keys User registers'
[    0.000000] x86/fpu: Enabled xstate features 0x2ff, context size is 2696 bytes, using 'standard' format.
[    0.000000] x86/fpu: Using 'eager' FPU context switches.
[    0.000000] e820: BIOS-provided physical RAM map:
[    0.000000] BIOS-e820: [mem 0x0000000000000000-0x000000000005efff] usable
[    0.000000] BIOS-e820: [mem 0x000000000005f000-0x000000000005ffff] reserved
[    0.000000] BIOS-e820: [mem 0x0000000000060000-0x000000000009ffff] usable
[    0.000000] BIOS-e820: [mem 0x00000000000a0000-0x00000000000fffff] reserved
[    0.000000] BIOS-e820: [mem 0x0000000000100000-0x0000000079487fff] usable
[    0.000000] BIOS-e820: [mem 0x0000000079488000-0x0000000079fbcfff] reserved
[    0.000000] BIOS-e820: [mem 0x0000000079fbd000-0x000000007a2a0fff] ACPI NVS
[    0.000000] BIOS-e820: [mem 0x000000007a2a1000-0x000000007a541fff] ACPI data
[    0.000000] BIOS-e820: [mem 0x000000007a542000-0x000000007a68afff] usable
[    0.000000] BIOS-e820: [mem 0x000000007a68b000-0x000000007a68bfff] reserved
[    0.000000] BIOS-e820: [mem 0x000000007a68c000-0x000000007a6a8fff] usable
[    0.000000] BIOS-e820: [mem 0x000000007a6a9000-0x000000007a8e8fff] reserved
[    0.000000] BIOS-e820: [mem 0x000000007a8e9000-0x000000007ce9cfff] usable
[    0.000000] BIOS-e820: [mem 0x000000007ce9d000-0x000000007ce9dfff] ACPI NVS
[    0.000000] BIOS-e820: [mem 0x000000007ce9e000-0x000000007dffffff] usable
[    0.000000] BIOS-e820: [mem 0x000000007e000000-0x000000008fffffff] reserved
[    0.000000] BIOS-e820: [mem 0x00000000f8000000-0x00000000fbffffff] reserved
[    0.000000] BIOS-e820: [mem 0x00000000fe000000-0x00000000fe010fff] reserved
[    0.000000] BIOS-e820: [mem 0x0000000100000000-0x000000ba6fffffff] usable
[    0.000000] BIOS-e820: [mem 0x000000ba70000000-0x000000c03fffffff] reserved
[    0.000000] BIOS-e820: [mem 0x000000c040000000-0x0000017a69ffffff] usable
[    0.000000] BIOS-e820: [mem 0x0000017a6a000000-0x000001803fffffff] reserved
[    0.000000] BIOS-e820: [mem 0x0000018040000000-0x0000023a69ffffff] usable
[    0.000000] BIOS-e820: [mem 0x0000023a6a000000-0x000002403fffffff] reserved
[    0.000000] BIOS-e820: [mem 0x0000024040000000-0x000002fa69ffffff] usable
[    0.000000] BIOS-e820: [mem 0x000002fa6a000000-0x000003003fffffff] reserved
[    0.000000] BIOS-e820: [mem 0x0000030040000000-0x000003ba69ffffff] usable
[    0.000000] BIOS-e820: [mem 0x000003ba6a000000-0x000003c03fffffff] reserved
[    0.000000] BIOS-e820: [mem 0x000003c040000000-0x0000047a69ffffff] usable
[    0.000000] BIOS-e820: [mem 0x0000047a6a000000-0x000004803fffffff] reserved
[    0.000000] BIOS-e820: [mem 0x0000048040000000-0x0000053a69ffffff] usable
[    0.000000] BIOS-e820: [mem 0x0000053a6a000000-0x000005403fffffff] reserved
[    0.000000] BIOS-e820: [mem 0x0000054040000000-0x000005fa69ffffff] usable
[    0.000000] BIOS-e820: [mem 0x000005fa6a000000-0x000006003fffffff] reserved
[    0.000000] BIOS-e820: [mem 0x00000fff00000000-0x00000fff0fefffff] reserved
[    0.000000] BIOS-e820: [mem 0x00000fff10000000-0x00000fff1fefffff] reserved
[    0.000000] BIOS-e820: [mem 0x00000fff20000000-0x00000fff2fefffff] reserved
[    0.000000] BIOS-e820: [mem 0x00000fff30000000-0x00000fff3fefffff] reserved
[    0.000000] BIOS-e820: [mem 0x00000fff40000000-0x00000fff4fefffff] reserved
[    0.000000] BIOS-e820: [mem 0x00000fff50000000-0x00000fff5fefffff] reserved
[    0.000000] BIOS-e820: [mem 0x00000fff60000000-0x00000fff6fefffff] reserved
[    0.000000] BIOS-e820: [mem 0x00000fff70000000-0x00000fff7fefffff] reserved
[    0.000000] BIOS-e820: [mem 0x00000fffa0000000-0x00000fffa2ffffff] reserved
[    0.000000] BIOS-e820: [mem 0x00000fffa4000000-0x00000fffa6ffffff] reserved
[    0.000000] BIOS-e820: [mem 0x00000fffa8000000-0x00000fffaaffffff] reserved
[    0.000000] BIOS-e820: [mem 0x00000fffac000000-0x00000fffaeffffff] reserved
[    0.000000] BIOS-e820: [mem 0x00000fffb0000000-0x00000fffb2ffffff] reserved
[    0.000000] BIOS-e820: [mem 0x00000fffb4000000-0x00000fffb6ffffff] reserved
[    0.000000] BIOS-e820: [mem 0x00000fffb8000000-0x00000fffbaffffff] reserved
[    0.000000] BIOS-e820: [mem 0x00000fffbc000000-0x00000fffbeffffff] reserved
[    0.000000] UV BAU Disabled
[    0.000000] bootconsole [earlyser0] enabled
[    0.000000] NX (Execute Disable) protection: active
[    0.000000] e820: update [mem 0x709e7018-0x709ef057] usable ==> usable
[    0.000000] e820: update [mem 0x7095d018-0x70995857] usable ==> usable
[    0.000000] e820: update [mem 0x70924018-0x7095c857] usable ==> usable
[    0.000000] e820: update [mem 0x709cc018-0x709e6e57] usable ==> usable
[    0.000000] e820: update [mem 0x708c7018-0x70923857] usable ==> usable
[    0.000000] e820: update [mem 0x7086a018-0x708c6857] usable ==> usable
[    0.000000] extended physical RAM map:
[    0.000000] reserve setup_data: [mem 0x0000000000000000-0x000000000005efff] usable
[    0.000000] reserve setup_data: [mem 0x000000000005f000-0x000000000005ffff] reserved
[    0.000000] reserve setup_data: [mem 0x0000000000060000-0x000000000009ffff] usable
[    0.000000] reserve setup_data: [mem 0x00000000000a0000-0x00000000000fffff] reserved
[    0.000000] reserve setup_data: [mem 0x0000000000100000-0x000000007086a017] usable
[    0.000000] reserve setup_data: [mem 0x000000007086a018-0x00000000708c6857] usable
[    0.000000] reserve setup_data: [mem 0x00000000708c6858-0x00000000708c7017] usable
[    0.000000] reserve setup_data: [mem 0x00000000708c7018-0x0000000070923857] usable
[    0.000000] reserve setup_data: [mem 0x0000000070923858-0x0000000070924017] usable
[    0.000000] reserve setup_data: [mem 0x0000000070924018-0x000000007095c857] usable
[    0.000000] reserve setup_data: [mem 0x000000007095c858-0x000000007095d017] usable
[    0.000000] reserve setup_data: [mem 0x000000007095d018-0x0000000070995857] usable
[    0.000000] reserve setup_data: [mem 0x0000000070995858-0x00000000709cc017] usable
[    0.000000] reserve setup_data: [mem 0x00000000709cc018-0x00000000709e6e57] usable
[    0.000000] reserve setup_data: [mem 0x00000000709e6e58-0x00000000709e7017] usable
[    0.000000] reserve setup_data: [mem 0x00000000709e7018-0x00000000709ef057] usable
[    0.000000] reserve setup_data: [mem 0x00000000709ef058-0x0000000079487fff] usable
[    0.000000] reserve setup_data: [mem 0x0000000079488000-0x0000000079fbcfff] reserved
[    0.000000] reserve setup_data: [mem 0x0000000079fbd000-0x000000007a2a0fff] ACPI NVS
[    0.000000] reserve setup_data: [mem 0x000000007a2a1000-0x000000007a541fff] ACPI data
[    0.000000] reserve setup_data: [mem 0x000000007a542000-0x000000007a68afff] usable
[    0.000000] reserve setup_data: [mem 0x000000007a68b000-0x000000007a68bfff] reserved
[    0.000000] reserve setup_data: [mem 0x000000007a68c000-0x000000007a6a8fff] usable
[    0.000000] reserve setup_data: [mem 0x000000007a6a9000-0x000000007a8e8fff] reserved
[    0.000000] reserve setup_data: [mem 0x000000007a8e9000-0x000000007ce9cfff] usable
[    0.000000] reserve setup_data: [mem 0x000000007ce9d000-0x000000007ce9dfff] ACPI NVS
[    0.000000] reserve setup_data: [mem 0x000000007ce9e000-0x000000007dffffff] usable
[    0.000000] reserve setup_data: [mem 0x000000007e000000-0x000000008fffffff] reserved
[    0.000000] reserve setup_data: [mem 0x00000000f8000000-0x00000000fbffffff] reserved
[    0.000000] reserve setup_data: [mem 0x00000000fe000000-0x00000000fe010fff] reserved
[    0.000000] reserve setup_data: [mem 0x0000000100000000-0x000000ba6fffffff] usable
[    0.000000] reserve setup_data: [mem 0x000000ba70000000-0x000000c03fffffff] reserved
[    0.000000] reserve setup_data: [mem 0x000000c040000000-0x0000017a69ffffff] usable
[    0.000000] reserve setup_data: [mem 0x0000017a6a000000-0x000001803fffffff] reserved
[    0.000000] reserve setup_data: [mem 0x0000018040000000-0x0000023a69ffffff] usable
[    0.000000] reserve setup_data: [mem 0x0000023a6a000000-0x000002403fffffff] reserved
[    0.000000] reserve setup_data: [mem 0x0000024040000000-0x000002fa69ffffff] usable
[    0.000000] reserve setup_data: [mem 0x000002fa6a000000-0x000003003fffffff] reserved
[    0.000000] reserve setup_data: [mem 0x0000030040000000-0x000003ba69ffffff] usable
[    0.000000] reserve setup_data: [mem 0x000003ba6a000000-0x000003c03fffffff] reserved
[    0.000000] reserve setup_data: [mem 0x000003c040000000-0x0000047a69ffffff] usable
[    0.000000] reserve setup_data: [mem 0x0000047a6a000000-0x000004803fffffff] reserved
[    0.000000] reserve setup_data: [mem 0x0000048040000000-0x0000053a69ffffff] usable
[    0.000000] reserve setup_data: [mem 0x0000053a6a000000-0x000005403fffffff] reserved
[    0.000000] reserve setup_data: [mem 0x0000054040000000-0x000005fa69ffffff] usable
[    0.000000] reserve setup_data: [mem 0x000005fa6a000000-0x000006003fffffff] reserved
[    0.000000] reserve setup_data: [mem 0x00000fff00000000-0x00000fff0fefffff] reserved
[    0.000000] reserve setup_data: [mem 0x00000fff10000000-0x00000fff1fefffff] reserved
[    0.000000] reserve setup_data: [mem 0x00000fff20000000-0x00000fff2fefffff] reserved
[    0.000000] reserve setup_data: [mem 0x00000fff30000000-0x00000fff3fefffff] reserved
[    0.000000] reserve setup_data: [mem 0x00000fff40000000-0x00000fff4fefffff] reserved
[    0.000000] reserve setup_data: [mem 0x00000fff50000000-0x00000fff5fefffff] reserved
[    0.000000] reserve setup_data: [mem 0x00000fff60000000-0x00000fff6fefffff] reserved
[    0.000000] reserve setup_data: [mem 0x00000fff70000000-0x00000fff7fefffff] reserved
[    0.000000] reserve setup_data: [mem 0x00000fffa0000000-0x00000fffa2ffffff] reserved
[    0.000000] reserve setup_data: [mem 0x00000fffa4000000-0x00000fffa6ffffff] reserved
[    0.000000] reserve setup_data: [mem 0x00000fffa8000000-0x00000fffaaffffff] reserved
[    0.000000] reserve setup_data: [mem 0x00000fffac000000-0x00000fffaeffffff] reserved
[    0.000000] reserve setup_data: [mem 0x00000fffb0000000-0x00000fffb2ffffff] reserved
[    0.000000] reserve setup_data: [mem 0x00000fffb4000000-0x00000fffb6ffffff] reserved
[    0.000000] reserve setup_data: [mem 0x00000fffb8000000-0x00000fffbaffffff] reserved
[    0.000000] reserve setup_data: [mem 0x00000fffbc000000-0x00000fffbeffffff] reserved
[    0.000000] efi: EFI v2.50 by EDK II BIOS ID:IP147.006.002.074.000.1810231610
[    0.000000] efi: efi:  SMBIOS=0x7954e000 efi:  SMBIOS 3.0=0x7954c000 efi:  ACPI=0x7a541000 efi:  ACPI 2.0=0x7a541014 efi:  UVsystab=0x79510518 efi: 
[    0.000000] SMBIOS 3.0.0 present.
[    0.000000] DMI: HPE Superdome Flex/Superdome Flex, BIOS Bundle:2.5.290 SFW:IP147.006.002.074.000.1810231610 10/23/2018
[    0.000000] e820: update [mem 0x00000000-0x00000fff] usable ==> reserved
[    0.000000] e820: remove [mem 0x000a0000-0x000fffff] usable
[    0.000000] e820: last_pfn = 0x5fa6a000 max_arch_pfn = 0x400000000
[    0.000000] MTRR default type: write-back
[    0.000000] MTRR fixed ranges enabled:
[    0.000000]   00000-9FFFF write-back
[    0.000000]   A0000-FFFFF uncachable
[    0.000000] MTRR variable ranges enabled:
[    0.000000]   0 base 000080000000 mask 3FFF80000000 uncachable
[    0.000000]   1 base 0FFF00000000 mask 3FFF00000000 uncachable
[    0.000000]   2 base 100000000000 mask 300000000000 uncachable
[    0.000000]   3 disabled
[    0.000000]   4 disabled
[    0.000000]   5 disabled
[    0.000000]   6 disabled
[    0.000000]   7 disabled
[    0.000000]   8 disabled
[    0.000000]   9 disabled
[    0.000000] x86/PAT: Configuration [0-7]: WB  WC  UC- UC  WB  WC  UC- WT  
[    0.000000] x2apic: enabled by BIOS, switching to x2apic ops
[    0.000000] e820: last_pfn = 0x7e000 max_arch_pfn = 0x400000000
[    0.000000] Scanning 1 areas for low memory corruption
[    0.000000] Base memory trampoline at [ffff880000098000] 98000 size 28672
[    0.000000] Using GB pages for direct mapping
[    0.000000] BRK [0x02421000, 0x02421fff] PGTABLE
[    0.000000] BRK [0x02422000, 0x02422fff] PGTABLE
[    0.000000] BRK [0x02423000, 0x02423fff] PGTABLE
[    0.000000] BRK [0x02424000, 0x02424fff] PGTABLE
[    0.000000] BRK [0x02425000, 0x02425fff] PGTABLE
[    0.000000] BRK [0x02426000, 0x02426fff] PGTABLE
[    0.000000] log_buf_len: 8388608 bytes
[    0.000000] early log buf free: 247744(94%)
[    0.000000] RAMDISK: [mem 0x3eb25000-0x3fffafff]
[    0.000000] ACPI: Early table checksum verification disabled
[    0.000000] ACPI: RSDP 0x000000007A541014 000024 (v02 SGI4  )
[    0.000000] ACPI: XSDT 0x000000007A5400E8 0000C4 (v01 SGI4   UVX      00000000      01000013)
[    0.000000] ACPI: FACP 0x000000007A53E000 000114 (v06 SGI4   UVX      00000000 INTL 20091013)
[    0.000000] ACPI: DSDT 0x000000007A528000 0104D9 (v02 SGI4   UVX      00000003 INTL 20091013)
[    0.000000] ACPI: FACS 0x000000007A051000 000040
[    0.000000] ACPI: MCEJ 0x000000007A53F000 000130 (v01 INTEL  EDK2     00000002 INTL 20091013)
[    0.000000] ACPI: UEFI 0x000000007A053000 00005C (v01 INTEL  RstSataV 00000000      00000000)
[    0.000000] ACPI: HPET 0x000000007A53D000 000038 (v01 SGI4   UVX      00000001 INTL 20091013)
[    0.000000] ACPI: MIGT 0x000000007A53C000 000040 (v01 SGI4   UVX      00000000 INTL 20091013)
[    0.000000] ACPI: RASF 0x000000007A53B000 000030 (v01 SGI4   UVX      00000001 INTL 20091013)
[    0.000000] ACPI: SPMI 0x000000007A53A000 000041 (v05 SGI4   UVX      00000001 INTL 20091013)
[    0.000000] ACPI: WSMT 0x000000007A539000 000028 (v01 SGI4   UVX      00000000 INTL 20091013)
[    0.000000] ACPI: SSDT 0x000000007A527000 00065B (v02 INTEL  EDK2     00000000 INTL 20091013)
[    0.000000] ACPI: SLIT 0x000000007A525000 00006C (v01 SGI4   UVX      00000002 INTL 20091013)
[    0.000000] ACPI: APIC 0x000000007A521000 001318 (v03 SGI4   UVX      00000002 INTL 20091013)
[    0.000000] ACPI: SRAT 0x000000007A51F000 001C98 (v03 SGI4   UVX      00000002 INTL 20091013)
[    0.000000] ACPI: SSDT 0x000000007A478000 0A40EB (v02 SGI4   UVX      00000002 INTL 20091013)
[    0.000000] ACPI: MCFG 0x000000007A477000 0000AC (v01 SGI4   UVX      00000002 INTL 20091013)
[    0.000000] ACPI: SPCR 0x000000007A476000 000050 (v01                 00000000      00000000)
[    0.000000] ACPI: DMAR 0x000000007A475000 0004EC (v01 SGI4   UVX      00000001 INTL 20091013)
[    0.000000] ACPI: HEST 0x000000007A474000 000184 (v01 INTEL  EDK2     00000001 INTL 00000001)
[    0.000000] ACPI: BERT 0x000000007A473000 000030 (v01 INTEL  EDK2     00000001 INTL 00000001)
[    0.000000] ACPI: ERST 0x000000007A472000 000230 (v01 INTEL  EDK2     00000001 INTL 00000001)
[    0.000000] ACPI: EINJ 0x000000007A471000 000150 (v01 INTEL  EDK2     00000001 INTL 00000001)
[    0.000000] ACPI: Local APIC address 0xfee00000
[    0.000000] UV: rev:1 part#:99a1 nodeid:0002 n_skt:3 pnmsk:7 pn:1
[    0.000000] UV: apicid_shift:0 apicid_mask:0x3f
[    0.000000] UV: socketid_shift:6 pnode_mask:0x7
[    0.000000] UV: OEM IDs SGI4/UVX, System/HUB Types 2/7, uv_apic 0
[    0.000000] Setting APIC routing to cluster x2apic.
[    0.000000] SRAT: PXM 0 -> APIC 0x0000 -> Node 0
[    0.000000] SRAT: PXM 0 -> APIC 0x0002 -> Node 0
[    0.000000] SRAT: PXM 0 -> APIC 0x0004 -> Node 0
[    0.000000] SRAT: PXM 0 -> APIC 0x0006 -> Node 0
[    0.000000] SRAT: PXM 0 -> APIC 0x0008 -> Node 0
[    0.000000] SRAT: PXM 0 -> APIC 0x0010 -> Node 0
[    0.000000] SRAT: PXM 0 -> APIC 0x0012 -> Node 0
[    0.000000] SRAT: PXM 0 -> APIC 0x0014 -> Node 0
[    0.000000] SRAT: PXM 0 -> APIC 0x0016 -> Node 0
[    0.000000] SRAT: PXM 0 -> APIC 0x0020 -> Node 0
[    0.000000] SRAT: PXM 0 -> APIC 0x0022 -> Node 0
[    0.000000] SRAT: PXM 0 -> APIC 0x0024 -> Node 0
[    0.000000] SRAT: PXM 0 -> APIC 0x0026 -> Node 0
[    0.000000] SRAT: PXM 0 -> APIC 0x0028 -> Node 0
[    0.000000] SRAT: PXM 0 -> APIC 0x0030 -> Node 0
[    0.000000] SRAT: PXM 0 -> APIC 0x0032 -> Node 0
[    0.000000] SRAT: PXM 0 -> APIC 0x0034 -> Node 0
[    0.000000] SRAT: PXM 0 -> APIC 0x0036 -> Node 0
[    0.000000] SRAT: PXM 1 -> APIC 0x0040 -> Node 1
[    0.000000] SRAT: PXM 1 -> APIC 0x0042 -> Node 1
[    0.000000] SRAT: PXM 1 -> APIC 0x0044 -> Node 1
[    0.000000] SRAT: PXM 1 -> APIC 0x0046 -> Node 1
[    0.000000] SRAT: PXM 1 -> APIC 0x0048 -> Node 1
[    0.000000] SRAT: PXM 1 -> APIC 0x0050 -> Node 1
[    0.000000] SRAT: PXM 1 -> APIC 0x0052 -> Node 1
[    0.000000] SRAT: PXM 1 -> APIC 0x0054 -> Node 1
[    0.000000] SRAT: PXM 1 -> APIC 0x0056 -> Node 1
[    0.000000] SRAT: PXM 1 -> APIC 0x0060 -> Node 1
[    0.000000] SRAT: PXM 1 -> APIC 0x0062 -> Node 1
[    0.000000] SRAT: PXM 1 -> APIC 0x0064 -> Node 1
[    0.000000] SRAT: PXM 1 -> APIC 0x0066 -> Node 1
[    0.000000] SRAT: PXM 1 -> APIC 0x0068 -> Node 1
[    0.000000] SRAT: PXM 1 -> APIC 0x0070 -> Node 1
[    0.000000] SRAT: PXM 1 -> APIC 0x0072 -> Node 1
[    0.000000] SRAT: PXM 1 -> APIC 0x0074 -> Node 1
[    0.000000] SRAT: PXM 1 -> APIC 0x0076 -> Node 1
[    0.000000] SRAT: PXM 2 -> APIC 0x0080 -> Node 2
[    0.000000] SRAT: PXM 2 -> APIC 0x0082 -> Node 2
[    0.000000] SRAT: PXM 2 -> APIC 0x0084 -> Node 2
[    0.000000] SRAT: PXM 2 -> APIC 0x0086 -> Node 2
[    0.000000] SRAT: PXM 2 -> APIC 0x0088 -> Node 2
[    0.000000] SRAT: PXM 2 -> APIC 0x0090 -> Node 2
[    0.000000] SRAT: PXM 2 -> APIC 0x0092 -> Node 2
[    0.000000] SRAT: PXM 2 -> APIC 0x0094 -> Node 2
[    0.000000] SRAT: PXM 2 -> APIC 0x0096 -> Node 2
[    0.000000] SRAT: PXM 2 -> APIC 0x00a0 -> Node 2
[    0.000000] SRAT: PXM 2 -> APIC 0x00a2 -> Node 2
[    0.000000] SRAT: PXM 2 -> APIC 0x00a4 -> Node 2
[    0.000000] SRAT: PXM 2 -> APIC 0x00a6 -> Node 2
[    0.000000] SRAT: PXM 2 -> APIC 0x00a8 -> Node 2
[    0.000000] SRAT: PXM 2 -> APIC 0x00b0 -> Node 2
[    0.000000] SRAT: PXM 2 -> APIC 0x00b2 -> Node 2
[    0.000000] SRAT: PXM 2 -> APIC 0x00b4 -> Node 2
[    0.000000] SRAT: PXM 2 -> APIC 0x00b6 -> Node 2
[    0.000000] SRAT: PXM 3 -> APIC 0x00c0 -> Node 3
[    0.000000] SRAT: PXM 3 -> APIC 0x00c2 -> Node 3
[    0.000000] SRAT: PXM 3 -> APIC 0x00c4 -> Node 3
[    0.000000] SRAT: PXM 3 -> APIC 0x00c6 -> Node 3
[    0.000000] SRAT: PXM 3 -> APIC 0x00c8 -> Node 3
[    0.000000] SRAT: PXM 3 -> APIC 0x00d0 -> Node 3
[    0.000000] SRAT: PXM 3 -> APIC 0x00d2 -> Node 3
[    0.000000] SRAT: PXM 3 -> APIC 0x00d4 -> Node 3
[    0.000000] SRAT: PXM 3 -> APIC 0x00d6 -> Node 3
[    0.000000] SRAT: PXM 3 -> APIC 0x00e0 -> Node 3
[    0.000000] SRAT: PXM 3 -> APIC 0x00e2 -> Node 3
[    0.000000] SRAT: PXM 3 -> APIC 0x00e4 -> Node 3
[    0.000000] SRAT: PXM 3 -> APIC 0x00e6 -> Node 3
[    0.000000] SRAT: PXM 3 -> APIC 0x00e8 -> Node 3
[    0.000000] SRAT: PXM 3 -> APIC 0x00f0 -> Node 3
[    0.000000] SRAT: PXM 3 -> APIC 0x00f2 -> Node 3
[    0.000000] SRAT: PXM 3 -> APIC 0x00f4 -> Node 3
[    0.000000] SRAT: PXM 3 -> APIC 0x00f6 -> Node 3
[    0.000000] SRAT: PXM 4 -> APIC 0x0100 -> Node 4
[    0.000000] SRAT: PXM 4 -> APIC 0x0102 -> Node 4
[    0.000000] SRAT: PXM 4 -> APIC 0x0104 -> Node 4
[    0.000000] SRAT: PXM 4 -> APIC 0x0106 -> Node 4
[    0.000000] SRAT: PXM 4 -> APIC 0x0108 -> Node 4
[    0.000000] SRAT: PXM 4 -> APIC 0x0110 -> Node 4
[    0.000000] SRAT: PXM 4 -> APIC 0x0112 -> Node 4
[    0.000000] SRAT: PXM 4 -> APIC 0x0114 -> Node 4
[    0.000000] SRAT: PXM 4 -> APIC 0x0116 -> Node 4
[    0.000000] SRAT: PXM 4 -> APIC 0x0120 -> Node 4
[    0.000000] SRAT: PXM 4 -> APIC 0x0122 -> Node 4
[    0.000000] SRAT: PXM 4 -> APIC 0x0124 -> Node 4
[    0.000000] SRAT: PXM 4 -> APIC 0x0126 -> Node 4
[    0.000000] SRAT: PXM 4 -> APIC 0x0128 -> Node 4
[    0.000000] SRAT: PXM 4 -> APIC 0x0130 -> Node 4
[    0.000000] SRAT: PXM 4 -> APIC 0x0132 -> Node 4
[    0.000000] SRAT: PXM 4 -> APIC 0x0134 -> Node 4
[    0.000000] SRAT: PXM 4 -> APIC 0x0136 -> Node 4
[    0.000000] SRAT: PXM 5 -> APIC 0x0140 -> Node 5
[    0.000000] SRAT: PXM 5 -> APIC 0x0142 -> Node 5
[    0.000000] SRAT: PXM 5 -> APIC 0x0144 -> Node 5
[    0.000000] SRAT: PXM 5 -> APIC 0x0146 -> Node 5
[    0.000000] SRAT: PXM 5 -> APIC 0x0148 -> Node 5
[    0.000000] SRAT: PXM 5 -> APIC 0x0150 -> Node 5
[    0.000000] SRAT: PXM 5 -> APIC 0x0152 -> Node 5
[    0.000000] SRAT: PXM 5 -> APIC 0x0154 -> Node 5
[    0.000000] SRAT: PXM 5 -> APIC 0x0156 -> Node 5
[    0.000000] SRAT: PXM 5 -> APIC 0x0160 -> Node 5
[    0.000000] SRAT: PXM 5 -> APIC 0x0162 -> Node 5
[    0.000000] SRAT: PXM 5 -> APIC 0x0164 -> Node 5
[    0.000000] SRAT: PXM 5 -> APIC 0x0166 -> Node 5
[    0.000000] SRAT: PXM 5 -> APIC 0x0168 -> Node 5
[    0.000000] SRAT: PXM 5 -> APIC 0x0170 -> Node 5
[    0.000000] SRAT: PXM 5 -> APIC 0x0172 -> Node 5
[    0.000000] SRAT: PXM 5 -> APIC 0x0174 -> Node 5
[    0.000000] SRAT: PXM 5 -> APIC 0x0176 -> Node 5
[    0.000000] SRAT: PXM 6 -> APIC 0x0180 -> Node 6
[    0.000000] SRAT: PXM 6 -> APIC 0x0182 -> Node 6
[    0.000000] SRAT: PXM 6 -> APIC 0x0184 -> Node 6
[    0.000000] SRAT: PXM 6 -> APIC 0x0186 -> Node 6
[    0.000000] SRAT: PXM 6 -> APIC 0x0188 -> Node 6
[    0.000000] SRAT: PXM 6 -> APIC 0x0190 -> Node 6
[    0.000000] SRAT: PXM 6 -> APIC 0x0192 -> Node 6
[    0.000000] SRAT: PXM 6 -> APIC 0x0194 -> Node 6
[    0.000000] SRAT: PXM 6 -> APIC 0x0196 -> Node 6
[    0.000000] SRAT: PXM 6 -> APIC 0x01a0 -> Node 6
[    0.000000] SRAT: PXM 6 -> APIC 0x01a2 -> Node 6
[    0.000000] SRAT: PXM 6 -> APIC 0x01a4 -> Node 6
[    0.000000] SRAT: PXM 6 -> APIC 0x01a6 -> Node 6
[    0.000000] SRAT: PXM 6 -> APIC 0x01a8 -> Node 6
[    0.000000] SRAT: PXM 6 -> APIC 0x01b0 -> Node 6
[    0.000000] SRAT: PXM 6 -> APIC 0x01b2 -> Node 6
[    0.000000] SRAT: PXM 6 -> APIC 0x01b4 -> Node 6
[    0.000000] SRAT: PXM 6 -> APIC 0x01b6 -> Node 6
[    0.000000] SRAT: PXM 7 -> APIC 0x01c0 -> Node 7
[    0.000000] SRAT: PXM 7 -> APIC 0x01c2 -> Node 7
[    0.000000] SRAT: PXM 7 -> APIC 0x01c4 -> Node 7
[    0.000000] SRAT: PXM 7 -> APIC 0x01c6 -> Node 7
[    0.000000] SRAT: PXM 7 -> APIC 0x01c8 -> Node 7
[    0.000000] SRAT: PXM 7 -> APIC 0x01d0 -> Node 7
[    0.000000] SRAT: PXM 7 -> APIC 0x01d2 -> Node 7
[    0.000000] SRAT: PXM 7 -> APIC 0x01d4 -> Node 7
[    0.000000] SRAT: PXM 7 -> APIC 0x01d6 -> Node 7
[    0.000000] SRAT: PXM 7 -> APIC 0x01e0 -> Node 7
[    0.000000] SRAT: PXM 7 -> APIC 0x01e2 -> Node 7
[    0.000000] SRAT: PXM 7 -> APIC 0x01e4 -> Node 7
[    0.000000] SRAT: PXM 7 -> APIC 0x01e6 -> Node 7
[    0.000000] SRAT: PXM 7 -> APIC 0x01e8 -> Node 7
[    0.000000] SRAT: PXM 7 -> APIC 0x01f0 -> Node 7
[    0.000000] SRAT: PXM 7 -> APIC 0x01f2 -> Node 7
[    0.000000] SRAT: PXM 7 -> APIC 0x01f4 -> Node 7
[    0.000000] SRAT: PXM 7 -> APIC 0x01f6 -> Node 7
[    0.000000] SRAT: PXM 0 -> APIC 0x0001 -> Node 0
[    0.000000] SRAT: PXM 0 -> APIC 0x0003 -> Node 0
[    0.000000] SRAT: PXM 0 -> APIC 0x0005 -> Node 0
[    0.000000] SRAT: PXM 0 -> APIC 0x0007 -> Node 0
[    0.000000] SRAT: PXM 0 -> APIC 0x0009 -> Node 0
[    0.000000] SRAT: PXM 0 -> APIC 0x0011 -> Node 0
[    0.000000] SRAT: PXM 0 -> APIC 0x0013 -> Node 0
[    0.000000] SRAT: PXM 0 -> APIC 0x0015 -> Node 0
[    0.000000] SRAT: PXM 0 -> APIC 0x0017 -> Node 0
[    0.000000] SRAT: PXM 0 -> APIC 0x0021 -> Node 0
[    0.000000] SRAT: PXM 0 -> APIC 0x0023 -> Node 0
[    0.000000] SRAT: PXM 0 -> APIC 0x0025 -> Node 0
[    0.000000] SRAT: PXM 0 -> APIC 0x0027 -> Node 0
[    0.000000] SRAT: PXM 0 -> APIC 0x0029 -> Node 0
[    0.000000] SRAT: PXM 0 -> APIC 0x0031 -> Node 0
[    0.000000] SRAT: PXM 0 -> APIC 0x0033 -> Node 0
[    0.000000] SRAT: PXM 0 -> APIC 0x0035 -> Node 0
[    0.000000] SRAT: PXM 0 -> APIC 0x0037 -> Node 0
[    0.000000] SRAT: PXM 1 -> APIC 0x0041 -> Node 1
[    0.000000] SRAT: PXM 1 -> APIC 0x0043 -> Node 1
[    0.000000] SRAT: PXM 1 -> APIC 0x0045 -> Node 1
[    0.000000] SRAT: PXM 1 -> APIC 0x0047 -> Node 1
[    0.000000] SRAT: PXM 1 -> APIC 0x0049 -> Node 1
[    0.000000] SRAT: PXM 1 -> APIC 0x0051 -> Node 1
[    0.000000] SRAT: PXM 1 -> APIC 0x0053 -> Node 1
[    0.000000] SRAT: PXM 1 -> APIC 0x0055 -> Node 1
[    0.000000] SRAT: PXM 1 -> APIC 0x0057 -> Node 1
[    0.000000] SRAT: PXM 1 -> APIC 0x0061 -> Node 1
[    0.000000] SRAT: PXM 1 -> APIC 0x0063 -> Node 1
[    0.000000] SRAT: PXM 1 -> APIC 0x0065 -> Node 1
[    0.000000] SRAT: PXM 1 -> APIC 0x0067 -> Node 1
[    0.000000] SRAT: PXM 1 -> APIC 0x0069 -> Node 1
[    0.000000] SRAT: PXM 1 -> APIC 0x0071 -> Node 1
[    0.000000] SRAT: PXM 1 -> APIC 0x0073 -> Node 1
[    0.000000] SRAT: PXM 1 -> APIC 0x0075 -> Node 1
[    0.000000] SRAT: PXM 1 -> APIC 0x0077 -> Node 1
[    0.000000] SRAT: PXM 2 -> APIC 0x0081 -> Node 2
[    0.000000] SRAT: PXM 2 -> APIC 0x0083 -> Node 2
[    0.000000] SRAT: PXM 2 -> APIC 0x0085 -> Node 2
[    0.000000] SRAT: PXM 2 -> APIC 0x0087 -> Node 2
[    0.000000] SRAT: PXM 2 -> APIC 0x0089 -> Node 2
[    0.000000] SRAT: PXM 2 -> APIC 0x0091 -> Node 2
[    0.000000] SRAT: PXM 2 -> APIC 0x0093 -> Node 2
[    0.000000] SRAT: PXM 2 -> APIC 0x0095 -> Node 2
[    0.000000] SRAT: PXM 2 -> APIC 0x0097 -> Node 2
[    0.000000] SRAT: PXM 2 -> APIC 0x00a1 -> Node 2
[    0.000000] SRAT: PXM 2 -> APIC 0x00a3 -> Node 2
[    0.000000] SRAT: PXM 2 -> APIC 0x00a5 -> Node 2
[    0.000000] SRAT: PXM 2 -> APIC 0x00a7 -> Node 2
[    0.000000] SRAT: PXM 2 -> APIC 0x00a9 -> Node 2
[    0.000000] SRAT: PXM 2 -> APIC 0x00b1 -> Node 2
[    0.000000] SRAT: PXM 2 -> APIC 0x00b3 -> Node 2
[    0.000000] SRAT: PXM 2 -> APIC 0x00b5 -> Node 2
[    0.000000] SRAT: PXM 2 -> APIC 0x00b7 -> Node 2
[    0.000000] SRAT: PXM 3 -> APIC 0x00c1 -> Node 3
[    0.000000] SRAT: PXM 3 -> APIC 0x00c3 -> Node 3
[    0.000000] SRAT: PXM 3 -> APIC 0x00c5 -> Node 3
[    0.000000] SRAT: PXM 3 -> APIC 0x00c7 -> Node 3
[    0.000000] SRAT: PXM 3 -> APIC 0x00c9 -> Node 3
[    0.000000] SRAT: PXM 3 -> APIC 0x00d1 -> Node 3
[    0.000000] SRAT: PXM 3 -> APIC 0x00d3 -> Node 3
[    0.000000] SRAT: PXM 3 -> APIC 0x00d5 -> Node 3
[    0.000000] SRAT: PXM 3 -> APIC 0x00d7 -> Node 3
[    0.000000] SRAT: PXM 3 -> APIC 0x00e1 -> Node 3
[    0.000000] SRAT: PXM 3 -> APIC 0x00e3 -> Node 3
[    0.000000] SRAT: PXM 3 -> APIC 0x00e5 -> Node 3
[    0.000000] SRAT: PXM 3 -> APIC 0x00e7 -> Node 3
[    0.000000] SRAT: PXM 3 -> APIC 0x00e9 -> Node 3
[    0.000000] SRAT: PXM 3 -> APIC 0x00f1 -> Node 3
[    0.000000] SRAT: PXM 3 -> APIC 0x00f3 -> Node 3
[    0.000000] SRAT: PXM 3 -> APIC 0x00f5 -> Node 3
[    0.000000] SRAT: PXM 3 -> APIC 0x00f7 -> Node 3
[    0.000000] SRAT: PXM 4 -> APIC 0x0101 -> Node 4
[    0.000000] SRAT: PXM 4 -> APIC 0x0103 -> Node 4
[    0.000000] SRAT: PXM 4 -> APIC 0x0105 -> Node 4
[    0.000000] SRAT: PXM 4 -> APIC 0x0107 -> Node 4
[    0.000000] SRAT: PXM 4 -> APIC 0x0109 -> Node 4
[    0.000000] SRAT: PXM 4 -> APIC 0x0111 -> Node 4
[    0.000000] SRAT: PXM 4 -> APIC 0x0113 -> Node 4
[    0.000000] SRAT: PXM 4 -> APIC 0x0115 -> Node 4
[    0.000000] SRAT: PXM 4 -> APIC 0x0117 -> Node 4
[    0.000000] SRAT: PXM 4 -> APIC 0x0121 -> Node 4
[    0.000000] SRAT: PXM 4 -> APIC 0x0123 -> Node 4
[    0.000000] SRAT: PXM 4 -> APIC 0x0125 -> Node 4
[    0.000000] SRAT: PXM 4 -> APIC 0x0127 -> Node 4
[    0.000000] SRAT: PXM 4 -> APIC 0x0129 -> Node 4
[    0.000000] SRAT: PXM 4 -> APIC 0x0131 -> Node 4
[    0.000000] SRAT: PXM 4 -> APIC 0x0133 -> Node 4
[    0.000000] SRAT: PXM 4 -> APIC 0x0135 -> Node 4
[    0.000000] SRAT: PXM 4 -> APIC 0x0137 -> Node 4
[    0.000000] SRAT: PXM 5 -> APIC 0x0141 -> Node 5
[    0.000000] SRAT: PXM 5 -> APIC 0x0143 -> Node 5
[    0.000000] SRAT: PXM 5 -> APIC 0x0145 -> Node 5
[    0.000000] SRAT: PXM 5 -> APIC 0x0147 -> Node 5
[    0.000000] SRAT: PXM 5 -> APIC 0x0149 -> Node 5
[    0.000000] SRAT: PXM 5 -> APIC 0x0151 -> Node 5
[    0.000000] SRAT: PXM 5 -> APIC 0x0153 -> Node 5
[    0.000000] SRAT: PXM 5 -> APIC 0x0155 -> Node 5
[    0.000000] SRAT: PXM 5 -> APIC 0x0157 -> Node 5
[    0.000000] SRAT: PXM 5 -> APIC 0x0161 -> Node 5
[    0.000000] SRAT: PXM 5 -> APIC 0x0163 -> Node 5
[    0.000000] SRAT: PXM 5 -> APIC 0x0165 -> Node 5
[    0.000000] SRAT: PXM 5 -> APIC 0x0167 -> Node 5
[    0.000000] SRAT: PXM 5 -> APIC 0x0169 -> Node 5
[    0.000000] SRAT: PXM 5 -> APIC 0x0171 -> Node 5
[    0.000000] SRAT: PXM 5 -> APIC 0x0173 -> Node 5
[    0.000000] SRAT: PXM 5 -> APIC 0x0175 -> Node 5
[    0.000000] SRAT: PXM 5 -> APIC 0x0177 -> Node 5
[    0.000000] SRAT: PXM 6 -> APIC 0x0181 -> Node 6
[    0.000000] SRAT: PXM 6 -> APIC 0x0183 -> Node 6
[    0.000000] SRAT: PXM 6 -> APIC 0x0185 -> Node 6
[    0.000000] SRAT: PXM 6 -> APIC 0x0187 -> Node 6
[    0.000000] SRAT: PXM 6 -> APIC 0x0189 -> Node 6
[    0.000000] SRAT: PXM 6 -> APIC 0x0191 -> Node 6
[    0.000000] SRAT: PXM 6 -> APIC 0x0193 -> Node 6
[    0.000000] SRAT: PXM 6 -> APIC 0x0195 -> Node 6
[    0.000000] SRAT: PXM 6 -> APIC 0x0197 -> Node 6
[    0.000000] SRAT: PXM 6 -> APIC 0x01a1 -> Node 6
[    0.000000] SRAT: PXM 6 -> APIC 0x01a3 -> Node 6
[    0.000000] SRAT: PXM 6 -> APIC 0x01a5 -> Node 6
[    0.000000] SRAT: PXM 6 -> APIC 0x01a7 -> Node 6
[    0.000000] SRAT: PXM 6 -> APIC 0x01a9 -> Node 6
[    0.000000] SRAT: PXM 6 -> APIC 0x01b1 -> Node 6
[    0.000000] SRAT: PXM 6 -> APIC 0x01b3 -> Node 6
[    0.000000] SRAT: PXM 6 -> APIC 0x01b5 -> Node 6
[    0.000000] SRAT: PXM 6 -> APIC 0x01b7 -> Node 6
[    0.000000] SRAT: PXM 7 -> APIC 0x01c1 -> Node 7
[    0.000000] SRAT: PXM 7 -> APIC 0x01c3 -> Node 7
[    0.000000] SRAT: PXM 7 -> APIC 0x01c5 -> Node 7
[    0.000000] SRAT: PXM 7 -> APIC 0x01c7 -> Node 7
[    0.000000] SRAT: PXM 7 -> APIC 0x01c9 -> Node 7
[    0.000000] SRAT: PXM 7 -> APIC 0x01d1 -> Node 7
[    0.000000] SRAT: PXM 7 -> APIC 0x01d3 -> Node 7
[    0.000000] SRAT: PXM 7 -> APIC 0x01d5 -> Node 7
[    0.000000] SRAT: PXM 7 -> APIC 0x01d7 -> Node 7
[    0.000000] SRAT: PXM 7 -> APIC 0x01e1 -> Node 7
[    0.000000] SRAT: PXM 7 -> APIC 0x01e3 -> Node 7
[    0.000000] SRAT: PXM 7 -> APIC 0x01e5 -> Node 7
[    0.000000] SRAT: PXM 7 -> APIC 0x01e7 -> Node 7
[    0.000000] SRAT: PXM 7 -> APIC 0x01e9 -> Node 7
[    0.000000] SRAT: PXM 7 -> APIC 0x01f1 -> Node 7
[    0.000000] SRAT: PXM 7 -> APIC 0x01f3 -> Node 7
[    0.000000] SRAT: PXM 7 -> APIC 0x01f5 -> Node 7
[    0.000000] SRAT: PXM 7 -> APIC 0x01f7 -> Node 7
[    0.000000] ACPI: SRAT: Node 0 PXM 0 [mem 0x00000000-0x7fffffff]
[    0.000000] ACPI: SRAT: Node 0 PXM 0 [mem 0x100000000-0xc03fffffff]
[    0.000000] ACPI: SRAT: Node 1 PXM 1 [mem 0xc040000000-0x1803fffffff]
[    0.000000] ACPI: SRAT: Node 2 PXM 2 [mem 0x18040000000-0x2403fffffff]
[    0.000000] ACPI: SRAT: Node 3 PXM 3 [mem 0x24040000000-0x3003fffffff]
[    0.000000] ACPI: SRAT: Node 4 PXM 4 [mem 0x30040000000-0x3c03fffffff]
[    0.000000] ACPI: SRAT: Node 5 PXM 5 [mem 0x3c040000000-0x4803fffffff]
[    0.000000] ACPI: SRAT: Node 6 PXM 6 [mem 0x48040000000-0x5403fffffff]
[    0.000000] ACPI: SRAT: Node 7 PXM 7 [mem 0x54040000000-0x6003fffffff]
[    0.000000] NUMA: Initialized distance table, cnt=8
[    0.000000] NUMA: Node 0 [mem 0x00000000-0x7fffffff] + [mem 0x100000000-0xc03fffffff] -> [mem 0x00000000-0xc03fffffff]
[    0.000000] NODE_DATA(0) allocated [mem 0xba6ffd5000-0xba6fffffff]
[    0.000000] NODE_DATA(1) allocated [mem 0x17a69fd5000-0x17a69ffffff]
[    0.000000] NODE_DATA(2) allocated [mem 0x23a69fd5000-0x23a69ffffff]
[    0.000000] NODE_DATA(3) allocated [mem 0x2fa69fd5000-0x2fa69ffffff]
[    0.000000] NODE_DATA(4) allocated [mem 0x3ba69fd5000-0x3ba69ffffff]
[    0.000000] NODE_DATA(5) allocated [mem 0x47a69fd5000-0x47a69ffffff]
[    0.000000] NODE_DATA(6) allocated [mem 0x53a69fd5000-0x53a69ffffff]
[    0.000000] NODE_DATA(7) allocated [mem 0x5fa697be000-0x5fa697e8fff]
[    0.000000] Reserving 256MB of low memory at 1408MB for crashkernel (System low RAM: 1996MB)
[    0.000000] Reserving 1024MB of memory at 4096MB for crashkernel (System RAM: 6099244MB)
[    0.000000] Zone ranges:
[    0.000000]   DMA      [mem 0x0000000000001000-0x0000000000ffffff]
[    0.000000]   DMA32    [mem 0x0000000001000000-0x00000000ffffffff]
[    0.000000]   Normal   [mem 0x0000000100000000-0x000005fa69ffffff]
[    0.000000]   Device   empty
[    0.000000] Movable zone start for each node
[    0.000000] Early memory node ranges
[    0.000000]   node   0: [mem 0x0000000000001000-0x000000000005efff]
[    0.000000]   node   0: [mem 0x0000000000060000-0x000000000009ffff]
[    0.000000]   node   0: [mem 0x0000000000100000-0x0000000079487fff]
[    0.000000]   node   0: [mem 0x000000007a542000-0x000000007a68afff]
[    0.000000]   node   0: [mem 0x000000007a68c000-0x000000007a6a8fff]
[    0.000000]   node   0: [mem 0x000000007a8e9000-0x000000007ce9cfff]
[    0.000000]   node   0: [mem 0x000000007ce9e000-0x000000007dffffff]
[    0.000000]   node   0: [mem 0x0000000100000000-0x000000ba6fffffff]
[    0.000000]   node   1: [mem 0x000000c040000000-0x0000017a69ffffff]
[    0.000000]   node   2: [mem 0x0000018040000000-0x0000023a69ffffff]
[    0.000000]   node   3: [mem 0x0000024040000000-0x000002fa69ffffff]
[    0.000000]   node   4: [mem 0x0000030040000000-0x000003ba69ffffff]
[    0.000000]   node   5: [mem 0x000003c040000000-0x0000047a69ffffff]
[    0.000000]   node   6: [mem 0x0000048040000000-0x0000053a69ffffff]
[    0.000000]   node   7: [mem 0x0000054040000000-0x000005fa69ffffff]
[    0.000000] Initmem setup node 0 [mem 0x0000000000001000-0x000000ba6fffffff]
[    0.000000] On node 0 totalpages: 194956450
[    0.000000]   DMA zone: 64 pages used for memmap
[    0.000000]   DMA zone: 23 pages reserved
[    0.000000]   DMA zone: 3998 pages, LIFO batch:0
[    0.000000]   DMA32 zone: 7925 pages used for memmap
[    0.000000]   DMA32 zone: 507140 pages, LIFO batch:31
[    0.000000]   Normal zone: 3038208 pages used for memmap
[    0.000000]   Normal zone: 194445312 pages, LIFO batch:31
[    0.000000] Initmem setup node 1 [mem 0x000000c040000000-0x0000017a69ffffff]
[    0.000000] On node 1 totalpages: 195207168
[    0.000000]   Normal zone: 3050112 pages used for memmap
[    0.000000]   Normal zone: 195207168 pages, LIFO batch:31
[    0.000000] Initmem setup node 2 [mem 0x0000018040000000-0x0000023a69ffffff]
[    0.000000] On node 2 totalpages: 195207168
[    0.000000]   Normal zone: 3050112 pages used for memmap
[    0.000000]   Normal zone: 195207168 pages, LIFO batch:31
[    0.000000] Initmem setup node 3 [mem 0x0000024040000000-0x000002fa69ffffff]
[    0.000000] On node 3 totalpages: 195207168
[    0.000000]   Normal zone: 3050112 pages used for memmap
[    0.000000]   Normal zone: 195207168 pages, LIFO batch:31
[    0.000000] Initmem setup node 4 [mem 0x0000030040000000-0x000003ba69ffffff]
[    0.000000] On node 4 totalpages: 195207168
[    0.000000]   Normal zone: 3050112 pages used for memmap
[    0.000000]   Normal zone: 195207168 pages, LIFO batch:31
[    0.000000] Initmem setup node 5 [mem 0x000003c040000000-0x0000047a69ffffff]
[    0.000000] On node 5 totalpages: 195207168
[    0.000000]   Normal zone: 3050112 pages used for memmap
[    0.000000]   Normal zone: 195207168 pages, LIFO batch:31
[    0.000000] Initmem setup node 6 [mem 0x0000048040000000-0x0000053a69ffffff]
[    0.000000] On node 6 totalpages: 195207168
[    0.000000]   Normal zone: 3050112 pages used for memmap
[    0.000000]   Normal zone: 195207168 pages, LIFO batch:31
[    0.000000] Initmem setup node 7 [mem 0x0000054040000000-0x000005fa69ffffff]
[    0.000000] On node 7 totalpages: 195207168
[    0.000000]   Normal zone: 3050112 pages used for memmap
[    0.000000]   Normal zone: 195207168 pages, LIFO batch:31
[    0.000000] ACPI: PM-Timer IO Port: 0x508
[    0.000000] ACPI: Local APIC address 0xfee00000
[    0.000000] UV: rev:1 part#:99a1 nodeid:0002 n_skt:3 pnmsk:7 pn:1
[    0.000000] UV: apicid_shift:0 apicid_mask:0x3f
[    0.000000] UV: socketid_shift:6 pnode_mask:0x7
[    0.000000] UV: OEM IDs SGI4/UVX, System/HUB Types 2/7, uv_apic 0
[    0.000000] IOAPIC[0]: apic_id 8, version 32, address 0xfec00000, GSI 0-23
[    0.000000] IOAPIC[1]: apic_id 9, version 32, address 0xfec01000, GSI 24-31
[    0.000000] IOAPIC[2]: apic_id 10, version 32, address 0xfec09000, GSI 32-39
[    0.000000] IOAPIC[3]: apic_id 11, version 32, address 0xfec11000, GSI 40-47
[    0.000000] IOAPIC[4]: apic_id 12, version 32, address 0xfec19000, GSI 48-55
[    0.000000] IOAPIC[5]: apic_id 13, version 32, address 0xfec21000, GSI 56-63
[    0.000000] IOAPIC[6]: apic_id 14, version 32, address 0xfec29000, GSI 64-71
[    0.000000] IOAPIC[7]: apic_id 15, version 32, address 0xfec31000, GSI 72-79
[    0.000000] IOAPIC[8]: apic_id 16, version 32, address 0xfec39000, GSI 80-87
[    0.000000] IOAPIC[9]: apic_id 17, version 32, address 0xfec41000, GSI 88-95
[    0.000000] IOAPIC[10]: apic_id 18, version 32, address 0xfec49000, GSI 96-103
[    0.000000] IOAPIC[11]: apic_id 19, version 32, address 0xfec51000, GSI 104-111
[    0.000000] IOAPIC[12]: apic_id 20, version 32, address 0xfec59000, GSI 112-119
[    0.000000] IOAPIC[13]: apic_id 21, version 32, address 0xfec61000, GSI 120-127
[    0.000000] IOAPIC[14]: apic_id 22, version 32, address 0xfec69000, GSI 128-135
[    0.000000] IOAPIC[15]: apic_id 23, version 32, address 0xfec71000, GSI 136-143
[    0.000000] IOAPIC[16]: apic_id 24, version 32, address 0xfec79000, GSI 144-151
[    0.000000] IOAPIC[17]: apic_id 25, version 32, address 0xfec81000, GSI 152-159
[    0.000000] ACPI: INT_SRC_OVR (bus 0 bus_irq 0 global_irq 2 dfl dfl)
[    0.000000] ACPI: INT_SRC_OVR (bus 0 bus_irq 9 global_irq 9 high level)
[    0.000000] ACPI: IRQ0 used by override.
[    0.000000] ACPI: IRQ9 used by override.
[    0.000000] Using ACPI (MADT) for SMP configuration information
[    0.000000] ACPI: HPET id: 0x8086a701 base: 0xfed00000
[    0.000000] smpboot: Allowing 288 CPUs, 0 hotplug CPUs
[    0.000000] PM: Registered nosave memory: [mem 0x00000000-0x00000fff]
[    0.000000] PM: Registered nosave memory: [mem 0x0005f000-0x0005ffff]
[    0.000000] PM: Registered nosave memory: [mem 0x000a0000-0x000fffff]
[    0.000000] PM: Registered nosave memory: [mem 0x7086a000-0x7086afff]
[    0.000000] PM: Registered nosave memory: [mem 0x708c6000-0x708c6fff]
[    0.000000] PM: Registered nosave memory: [mem 0x708c7000-0x708c7fff]
[    0.000000] PM: Registered nosave memory: [mem 0x70923000-0x70923fff]
[    0.000000] PM: Registered nosave memory: [mem 0x70924000-0x70924fff]
[    0.000000] PM: Registered nosave memory: [mem 0x7095c000-0x7095cfff]
[    0.000000] PM: Registered nosave memory: [mem 0x7095d000-0x7095dfff]
[    0.000000] PM: Registered nosave memory: [mem 0x70995000-0x70995fff]
[    0.000000] PM: Registered nosave memory: [mem 0x709cc000-0x709ccfff]
[    0.000000] PM: Registered nosave memory: [mem 0x709e6000-0x709e6fff]
[    0.000000] PM: Registered nosave memory: [mem 0x709e7000-0x709e7fff]
[    0.000000] PM: Registered nosave memory: [mem 0x709ef000-0x709effff]
[    0.000000] PM: Registered nosave memory: [mem 0x79488000-0x79fbcfff]
[    0.000000] PM: Registered nosave memory: [mem 0x79fbd000-0x7a2a0fff]
[    0.000000] PM: Registered nosave memory: [mem 0x7a2a1000-0x7a541fff]
[    0.000000] PM: Registered nosave memory: [mem 0x7a68b000-0x7a68bfff]
[    0.000000] PM: Registered nosave memory: [mem 0x7a6a9000-0x7a8e8fff]
[    0.000000] PM: Registered nosave memory: [mem 0x7ce9d000-0x7ce9dfff]
[    0.000000] PM: Registered nosave memory: [mem 0x7e000000-0x8fffffff]
[    0.000000] PM: Registered nosave memory: [mem 0x90000000-0xf7ffffff]
[    0.000000] PM: Registered nosave memory: [mem 0xf8000000-0xfbffffff]
[    0.000000] PM: Registered nosave memory: [mem 0xfc000000-0xfdffffff]
[    0.000000] PM: Registered nosave memory: [mem 0xfe000000-0xfe010fff]
[    0.000000] PM: Registered nosave memory: [mem 0xfe011000-0xffffffff]
[    0.000000] PM: Registered nosave memory: [mem 0xba70000000-0xc03fffffff]
[    0.000000] PM: Registered nosave memory: [mem 0x17a6a000000-0x1803fffffff]
[    0.000000] PM: Registered nosave memory: [mem 0x23a6a000000-0x2403fffffff]
[    0.000000] PM: Registered nosave memory: [mem 0x2fa6a000000-0x3003fffffff]
[    0.000000] PM: Registered nosave memory: [mem 0x3ba6a000000-0x3c03fffffff]
[    0.000000] PM: Registered nosave memory: [mem 0x47a6a000000-0x4803fffffff]
[    0.000000] PM: Registered nosave memory: [mem 0x53a6a000000-0x5403fffffff]
[    0.000000] e820: [mem 0x90000000-0xf7ffffff] available for PCI devices
[    0.000000] Booting paravirtualized kernel on bare hardware
[    0.000000] clocksource: refined-jiffies: mask: 0xffffffff max_cycles: 0xffffffff, max_idle_ns: 7645519600211568 ns
[    0.000000] setup_percpu: NR_CPUS:8192 nr_cpumask_bits:288 nr_cpu_ids:288 nr_node_ids:8
[    0.000000] PERCPU: Embedded 37 pages/cpu @ffff88b787800000 s112728 r8192 d30632 u262144
[    0.000000] pcpu-alloc: s112728 r8192 d30632 u262144 alloc=1*2097152
[    0.000000] pcpu-alloc: [0] 000 001 002 003 004 005 006 007 
[    0.000000] pcpu-alloc: [0] 008 009 010 011 012 013 014 015 
[    0.000000] pcpu-alloc: [0] 016 017 144 145 146 147 148 149 
[    0.000000] pcpu-alloc: [0] 150 151 152 153 154 155 156 157 
[    0.000000] pcpu-alloc: [0] 158 159 160 161 --- --- --- --- 
[    0.000000] pcpu-alloc: [1] 018 019 020 021 022 023 024 025 
[    0.000000] pcpu-alloc: [1] 026 027 028 029 030 031 032 033 
[    0.000000] pcpu-alloc: [1] 034 035 162 163 164 165 166 167 
[    0.000000] pcpu-alloc: [1] 168 169 170 171 172 173 174 175 
[    0.000000] pcpu-alloc: [1] 176 177 178 179 --- --- --- --- 
[    0.000000] pcpu-alloc: [2] 036 037 038 039 040 041 042 043 
[    0.000000] pcpu-alloc: [2] 044 045 046 047 048 049 050 051 
[    0.000000] pcpu-alloc: [2] 052 053 180 181 182 183 184 185 
[    0.000000] pcpu-alloc: [2] 186 187 188 189 190 191 192 193 
[    0.000000] pcpu-alloc: [2] 194 195 196 197 --- --- --- --- 
[    0.000000] pcpu-alloc: [3] 054 055 056 057 058 059 060 061 
[    0.000000] pcpu-alloc: [3] 062 063 064 065 066 067 068 069 
[    0.000000] pcpu-alloc: [3] 070 071 198 199 200 201 202 203 
[    0.000000] pcpu-alloc: [3] 204 205 206 207 208 209 210 211 
[    0.000000] pcpu-alloc: [3] 212 213 214 215 --- --- --- --- 
[    0.000000] pcpu-alloc: [4] 072 073 074 075 076 077 078 079 
[    0.000000] pcpu-alloc: [4] 080 081 082 083 084 085 086 087 
[    0.000000] pcpu-alloc: [4] 088 089 216 217 218 219 220 221 
[    0.000000] pcpu-alloc: [4] 222 223 224 225 226 227 228 229 
[    0.000000] pcpu-alloc: [4] 230 231 232 233 --- --- --- --- 
[    0.000000] pcpu-alloc: [5] 090 091 092 093 094 095 096 097 
[    0.000000] pcpu-alloc: [5] 098 099 100 101 102 103 104 105 
[    0.000000] pcpu-alloc: [5] 106 107 234 235 236 237 238 239 
[    0.000000] pcpu-alloc: [5] 240 241 242 243 244 245 246 247 
[    0.000000] pcpu-alloc: [5] 248 249 250 251 --- --- --- --- 
[    0.000000] pcpu-alloc: [6] 108 109 110 111 112 113 114 115 
[    0.000000] pcpu-alloc: [6] 116 117 118 119 120 121 122 123 
[    0.000000] pcpu-alloc: [6] 124 125 252 253 254 255 256 257 
[    0.000000] pcpu-alloc: [6] 258 259 260 261 262 263 264 265 
[    0.000000] pcpu-alloc: [6] 266 267 268 269 --- --- --- --- 
[    0.000000] pcpu-alloc: [7] 126 127 128 129 130 131 132 133 
[    0.000000] pcpu-alloc: [7] 134 135 136 137 138 139 140 141 
[    0.000000] pcpu-alloc: [7] 142 143 270 271 272 273 274 275 
[    0.000000] pcpu-alloc: [7] 276 277 278 279 280 281 282 283 
[    0.000000] pcpu-alloc: [7] 284 285 286 287 --- --- --- --- 
[    0.000000] Built 8 zonelists in Node order, mobility grouping on.  Total pages: 1537009622
[    0.000000] Policy zone: Normal
[    0.000000] Kernel command line: BOOT_IMAGE=/boot/vmlinuz-4.4.162-94.72-default root=UUID=e1a51c74-99c0-445f-804d-51eca2918b49 ro nortsched add_efi_memmap elevator=deadline transparent_hugepage=never rcupdate.rcu_cpu_stall_suppress=1 uv_nmi.action=kdump bau=0 nobau nowatchdog intel_idle.max_cstate=1 mce=2 numa_balancing=disable earlyprintk=ttyS0,115200n8 selinux=0 log_buf_len=8M skew_tick=1 pci=hpiosize=0,hpmemsize=0,nobar cgroup_disable=memory crashkernel=16G-4096G:512M,4096G-16384G:1G,16384G-32768G:2G,32768G-:3G@4G console=ttyS0,115200 text resume=/dev/mapper/360002ac00000000000000063000099c6-part2 splash=silent showopts
[    0.000000] UV: New NMI action:kdump
[    0.000000] PID hash table entries: 4096 (order: 3, 32768 bytes)
[    0.000000] Memory: 26131356K/6245626504K available (6288K kernel code, 1474K rwdata, 4672K rodata, 2140K init, 2620K bss, 99258936K reserved, 0K cma-reserved)
[    0.000000] Kernel/User page tables isolation: enabled
[    0.000000] Hierarchical RCU implementation.
[    0.000000] 	RCU debugfs-based tracing is enabled.
[    0.000000] 	Build-time adjustment of leaf fanout to 64.
[    0.000000] 	RCU restricting CPUs from NR_CPUS=8192 to nr_cpu_ids=288.
[    0.000000] RCU: Adjusting geometry for rcu_fanout_leaf=64, nr_cpu_ids=288
[    0.000000] NR_IRQS:524544 nr_irqs:5040 16
[    0.000000] Console: colour dummy device 80x25
[    0.000000] console [ttyS0] enabled
[    0.000000] bootconsole [earlyser0] disabled
[    0.000000] clocksource: hpet: mask: 0xffffffff max_cycles: 0xffffffff, max_idle_ns: 79635855245 ns
[    0.000000] hpet clockevent registered
[    0.000000] tsc: PIT calibration matches HPET. 1 loops
[    0.000000] tsc: Detected 3000.214 MHz processor
[    0.000245] Calibrating delay loop (skipped), value calculated using timer frequency.. 6000.42 BogoMIPS (lpj=12000856)
[    0.012228] pid_max: default: 294912 minimum: 2304
[    0.017940] ACPI: Core revision 20150930
[    0.096906] ACPI: 3 ACPI AML tables successfully acquired and loaded
[    0.271002] Security Framework initialized
[    0.275596] AppArmor: AppArmor initialized
[    0.305965] Dentry cache hash table entries: 67108864 (order: 17, 536870912 bytes)
[    0.461174] Inode-cache hash table entries: 33554432 (order: 16, 268435456 bytes)
[    0.537133] Mount-cache hash table entries: 1048576 (order: 11, 8388608 bytes)
[    0.545636] Mountpoint-cache hash table entries: 1048576 (order: 11, 8388608 bytes)
[    0.561038] Initializing cgroup subsys io
[    0.565530] Initializing cgroup subsys memory
[    0.570650] Disabling memory control group subsystem
[    0.576204] Initializing cgroup subsys devices
[    0.581180] Initializing cgroup subsys freezer
[    0.586156] Initializing cgroup subsys net_cls
[    0.591130] Initializing cgroup subsys perf_event
[    0.596490] Initializing cgroup subsys net_prio
[    0.601563] Initializing cgroup subsys hugetlb
[    0.606539] Initializing cgroup subsys pids
[    0.611531] IBRS: initialized
[    0.614857] IBPB: initialized
[    0.619231] mce: CPU supports 20 MCE banks
[    0.623831] CPU0: Thermal monitoring enabled (TM1)
[    0.629239] process: using mwait in idle threads
[    0.634409] Last level iTLB entries: 4KB 64, 2MB 8, 4MB 8
[    0.640450] Last level dTLB entries: 4KB 64, 2MB 0, 4MB 0, 1GB 4
[    0.647171] Spectre V2 : Mitigation: IBRS+IBPB
[    0.652143] Spectre V2 : Spectre v2 / SpectreRSB mitigation: Filling RSB on context switch
[    0.661384] Spectre V2 : Mitigation: Enabling Indirect Branch Prediction Barrier
[    0.669655] Spectre V2 : Enabling Restricted Speculation for firmware calls
[    0.677440] Spectre V2 : Spectre v2 cross-process SMT mitigation: Enabling STIBP
[    0.685712] Speculative Store Bypass: Mitigation: Speculative Store Bypass disabled via prctl and seccomp
[    0.696872] Freeing SMP alternatives memory: 24K
[    0.707624] ftrace: allocating 25799 entries in 101 pages
[    0.734841] DMAR: Host address width 46
[    0.739139] DMAR: DRHD base: 0x000000953fc000 flags: 0x0
[    0.745092] DMAR: dmar0: reg_base_addr 953fc000 ver 1:0 cap 8d2078c106f0466 ecap f020df
[    0.754041] DMAR: DRHD base: 0x000000957fc000 flags: 0x0
[    0.759993] DMAR: dmar1: reg_base_addr 957fc000 ver 1:0 cap 8d2078c106f0466 ecap f020df
[    0.768941] DMAR: DRHD base: 0x000000963fc000 flags: 0x0
[    0.774893] DMAR: dmar2: reg_base_addr 963fc000 ver 1:0 cap 8d2078c106f0466 ecap f020df
[    0.783842] DMAR: DRHD base: 0x000000967fc000 flags: 0x0
[    0.789793] DMAR: dmar3: reg_base_addr 967fc000 ver 1:0 cap 8d2078c106f0466 ecap f020df
[    0.798744] DMAR: DRHD base: 0x00000096bfc000 flags: 0x0
[    0.804693] DMAR: dmar4: reg_base_addr 96bfc000 ver 1:0 cap 8d2078c106f0466 ecap f020df
[    0.813644] DMAR: DRHD base: 0x000000983fc000 flags: 0x0
[    0.819594] DMAR: dmar5: reg_base_addr 983fc000 ver 1:0 cap 8d2078c106f0466 ecap f020df
[    0.828543] DMAR: DRHD base: 0x000000987fc000 flags: 0x0
[    0.834491] DMAR: dmar6: reg_base_addr 987fc000 ver 1:0 cap 8d2078c106f0466 ecap f020df
[    0.843443] DMAR: DRHD base: 0x00000098ffc000 flags: 0x0
[    0.849391] DMAR: dmar7: reg_base_addr 98ffc000 ver 1:0 cap 8d2078c106f0466 ecap f020df
[    0.858340] DMAR: DRHD base: 0x0000009a3fc000 flags: 0x0
[    0.864290] DMAR: dmar8: reg_base_addr 9a3fc000 ver 1:0 cap 8d2078c106f0466 ecap f020df
[    0.873239] DMAR: DRHD base: 0x0000009a7fc000 flags: 0x0
[    0.879187] DMAR: dmar9: reg_base_addr 9a7fc000 ver 1:0 cap 8d2078c106f0466 ecap f020df
[    0.888137] DMAR: DRHD base: 0x0000009affc000 flags: 0x0
[    0.894086] DMAR: dmar10: reg_base_addr 9affc000 ver 1:0 cap 8d2078c106f0466 ecap f020df
[    0.903131] DMAR: DRHD base: 0x0000009b3fc000 flags: 0x0
[    0.909079] DMAR: dmar11: reg_base_addr 9b3fc000 ver 1:0 cap 8d2078c106f0466 ecap f020df
[    0.918125] DMAR: DRHD base: 0x0000009b7fc000 flags: 0x0
[    0.924074] DMAR: dmar12: reg_base_addr 9b7fc000 ver 1:0 cap 8d2078c106f0466 ecap f020df
[    0.933122] DMAR: DRHD base: 0x0000009d3fc000 flags: 0x0
[    0.939071] DMAR: dmar13: reg_base_addr 9d3fc000 ver 1:0 cap 8d2078c106f0466 ecap f020df
[    0.948116] DMAR: DRHD base: 0x0000009d7fc000 flags: 0x0
[    0.954064] DMAR: dmar14: reg_base_addr 9d7fc000 ver 1:0 cap 8d2078c106f0466 ecap f020df
[    0.963102] DMAR: DRHD base: 0x0000009dffc000 flags: 0x0
[    0.969050] DMAR: dmar15: reg_base_addr 9dffc000 ver 1:0 cap 8d2078c106f0466 ecap f020df
[    0.978097] DMAR: DRHD base: 0x00000093ffc000 flags: 0x1
[    0.984047] DMAR: dmar16: reg_base_addr 93ffc000 ver 1:0 cap 8d2078c106f0466 ecap f020df
[    0.993094] DMAR: RMRR base: 0x00000079b76000 end: 0x00000079b78fff
[    1.000103] DMAR: ATSR flags: 0x0
[    1.003815] DMAR: ATSR flags: 0x0
[    1.007529] DMAR: ATSR flags: 0x0
[    1.011241] DMAR: ATSR flags: 0x0
[    1.014955] DMAR: ATSR flags: 0x0
[    1.018668] DMAR: ATSR flags: 0x0
[    1.022368] DMAR: ATSR flags: 0x0
[    1.026080] DMAR: ATSR flags: 0x0
[    1.029794] DMAR: ATSR flags: 0x0
[    1.033508] DMAR: ATSR flags: 0x0
[    1.037219] DMAR: ATSR flags: 0x0
[    1.040934] DMAR: ATSR flags: 0x0
[    1.044648] DMAR: ATSR flags: 0x0
[    1.048363] DMAR: ATSR flags: 0x0
[    1.052077] DMAR: ATSR flags: 0x0
[    1.055790] DMAR: ATSR flags: 0x0
[    1.059503] DMAR: ATSR flags: 0x0
[    1.063218] DMAR: RHSA base: 0x00000093ffc000 proximity domain: 0x0
[    1.070228] DMAR: RHSA base: 0x000000953fc000 proximity domain: 0x0
[    1.077240] DMAR: RHSA base: 0x000000957fc000 proximity domain: 0x0
[    1.084251] DMAR: RHSA base: 0x000000963fc000 proximity domain: 0x0
[    1.091259] DMAR: RHSA base: 0x000000967fc000 proximity domain: 0x1
[    1.098271] DMAR: RHSA base: 0x00000096bfc000 proximity domain: 0x1
[    1.105281] DMAR: RHSA base: 0x000000983fc000 proximity domain: 0x2
[    1.112293] DMAR: RHSA base: 0x000000987fc000 proximity domain: 0x3
[    1.119305] DMAR: RHSA base: 0x00000098ffc000 proximity domain: 0x3
[    1.126314] DMAR: RHSA base: 0x0000009a3fc000 proximity domain: 0x4
[    1.133324] DMAR: RHSA base: 0x0000009a7fc000 proximity domain: 0x4
[    1.140334] DMAR: RHSA base: 0x0000009affc000 proximity domain: 0x4
[    1.147343] DMAR: RHSA base: 0x0000009b3fc000 proximity domain: 0x5
[    1.154352] DMAR: RHSA base: 0x0000009b7fc000 proximity domain: 0x5
[    1.161363] DMAR: RHSA base: 0x0000009d3fc000 proximity domain: 0x6
[    1.168372] DMAR: RHSA base: 0x0000009d7fc000 proximity domain: 0x7
[    1.175381] DMAR: RHSA base: 0x0000009dffc000 proximity domain: 0x7
[    1.182393] DMAR-IR: IOAPIC id 25 under DRHD base  0x9dffc000 IOMMU 15
[    1.189692] DMAR-IR: IOAPIC id 24 under DRHD base  0x9d7fc000 IOMMU 14
[    1.196994] DMAR-IR: IOAPIC id 23 under DRHD base  0x9d3fc000 IOMMU 13
[    1.204294] DMAR-IR: IOAPIC id 22 under DRHD base  0x9b7fc000 IOMMU 12
[    1.211595] DMAR-IR: IOAPIC id 21 under DRHD base  0x9b3fc000 IOMMU 11
[    1.218898] DMAR-IR: IOAPIC id 20 under DRHD base  0x9affc000 IOMMU 10
[    1.226201] DMAR-IR: IOAPIC id 19 under DRHD base  0x9a7fc000 IOMMU 9
[    1.233403] DMAR-IR: IOAPIC id 18 under DRHD base  0x9a3fc000 IOMMU 8
[    1.240605] DMAR-IR: IOAPIC id 17 under DRHD base  0x98ffc000 IOMMU 7
[    1.247810] DMAR-IR: IOAPIC id 16 under DRHD base  0x987fc000 IOMMU 6
[    1.255015] DMAR-IR: IOAPIC id 15 under DRHD base  0x983fc000 IOMMU 5
[    1.262219] DMAR-IR: IOAPIC id 14 under DRHD base  0x96bfc000 IOMMU 4
[    1.269421] DMAR-IR: IOAPIC id 13 under DRHD base  0x967fc000 IOMMU 3
[    1.276626] DMAR-IR: IOAPIC id 12 under DRHD base  0x963fc000 IOMMU 2
[    1.283830] DMAR-IR: IOAPIC id 11 under DRHD base  0x957fc000 IOMMU 1
[    1.291032] DMAR-IR: IOAPIC id 10 under DRHD base  0x953fc000 IOMMU 0
[    1.298238] DMAR-IR: IOAPIC id 8 under DRHD base  0x93ffc000 IOMMU 16
[    1.305441] DMAR-IR: IOAPIC id 9 under DRHD base  0x93ffc000 IOMMU 16
[    1.312645] DMAR-IR: HPET id 0 under DRHD base 0x93ffc000
[    1.318686] DMAR-IR: Queued invalidation will be enabled to support x2apic and Intr-remapping.
[    1.336335] DMAR-IR: Enabled IRQ remapping in x2apic mode
[    1.347633] ..TIMER: vector=0x30 apic1=0 pin1=2 apic2=-1 pin2=-1
[    1.394031] TSC deadline timer enabled
[    1.394141] smpboot: CPU0: Intel(R) Xeon(R) Gold 6154 CPU @ 3.00GHz (family: 0x6, model: 0x55, stepping: 0x4)
[    1.405253] UV: Found UV400 hub
[    1.408772] UV: UVsystab: Revision:403
[    1.412956] UV: GAM Params...
[    1.416267] UV: mmr_base/shift:0xfffa0000000/26 gru_base/shift:0xffee0000000/26 gpa_shift:46
[    1.425688] UV: GAM Range Table...
[    1.429478] UV:  #                Range                 Size Type NASID SID PN
[    1.437545] UV:  0: 0x00000000000000-0x0000c040000000   769G   1   0002  00 01
[    1.445611] UV:  1: 0x0000c040000000-0x00018040000000   768G   1   0000  01 00
[    1.453675] UV:  2: 0x00018040000000-0x00024040000000   768G   1   0006  02 03
[    1.461739] UV:  3: 0x00024040000000-0x00030040000000   768G   1   0004  03 02
[    1.469803] UV:  4: 0x00030040000000-0x0003c040000000   768G   1   000a  04 05
[    1.477867] UV:  5: 0x0003c040000000-0x00048040000000   768G   1   0008  05 04
[    1.485932] UV:  6: 0x00048040000000-0x00054040000000   768G   1   000e  06 07
[    1.493995] UV:  7: 0x00054040000000-0x00060040000000   768G   1   000c  07 06
[    1.502052] UV:  8: 0x00060040000000-0x000fff00000000     9T   5   0000  00 00
[    1.510116] UV: GRT: 9 entries, sockets(min:0,max:7) pnodes(min:0,max:7)
[    1.517596] UV: GAM Building socket/pnode conversion tables
[    1.523819] UV: sid:00 type:1 nasid:0002 pn:01 pn2s: 0
[    1.529557] UV: sid:01 type:1 nasid:0000 pn:00 pn2s: 1
[    1.535296] UV: sid:02 type:1 nasid:0006 pn:03 pn2s: 2
[    1.541033] UV: sid:03 type:1 nasid:0004 pn:02 pn2s: 3
[    1.546771] UV: sid:04 type:1 nasid:000a pn:05 pn2s: 4
[    1.552507] UV: sid:05 type:1 nasid:0008 pn:04 pn2s: 5
[    1.558236] UV: sid:06 type:1 nasid:000e pn:07 pn2s: 6
[    1.563975] UV: sid:07 type:1 nasid:000c pn:06 pn2s: 7
[    1.569710] UV: sid:00: apicid:0000 node: 0
[    1.574382] UV: sid:01: apicid:0040 node: 1
[    1.579052] UV: sid:02: apicid:0080 node: 2
[    1.583724] UV: sid:03: apicid:00c0 node: 3
[    1.588396] UV: sid:04: apicid:0100 node: 4
[    1.593069] UV: sid:05: apicid:0140 node: 5
[    1.597740] UV: sid:06: apicid:0180 node: 6
[    1.602412] UV: sid:07: apicid:01c0 node: 7
[    1.607083] UV: sid:00: apicid:0001 node: 0
[    1.611753] UV: sid:01: apicid:0041 node: 1
[    1.616426] UV: sid:02: apicid:0081 node: 2
[    1.621099] UV: sid:03: apicid:00c1 node: 3
[    1.625771] UV: sid:04: apicid:0101 node: 4
[    1.630442] UV: sid:05: apicid:0141 node: 5
[    1.635115] UV: sid:06: apicid:0181 node: 6
[    1.639786] UV: sid:07: apicid:01c1 node: 7
[    1.644458] UV: Checking socket->node/pnode for identity maps
[    1.650873] UV: 1:1 socket_to_node table removed
[    1.656023] UV: GAM Range  0 0002 0x0000000000000-0x000c040000000 (-1)
[    1.663312] UV: GAM Range  1 0000 0x000c040000000-0x0018040000000 (0)
[    1.670504] UV: GAM Range  2 0006 0x0018040000000-0x0024040000000 (1)
[    1.677697] UV: GAM Range  3 0004 0x0024040000000-0x0030040000000 (2)
[    1.684890] UV: GAM Range  4 000a 0x0030040000000-0x003c040000000 (3)
[    1.692079] UV: GAM Range  5 0008 0x003c040000000-0x0048040000000 (4)
[    1.699270] UV: GAM Range  6 000e 0x0048040000000-0x0054040000000 (5)
[    1.706461] UV: GAM Range  7 000c 0x0054040000000-0x0060040000000 (6)
[    1.713655] UV: N:3 M:0 m_shift:0 n_lshift:0
[    1.718422] UV: gpa_mask/shift:0x3fffffffffff/46 pnode_mask:0x7 apic_pns:6
[    1.726097] UV: mmr_base/shift:0xfffa0000000/26 gru_base/shift:0xffee0000000/26
[    1.734247] UV: gnode_upper:0x0 gnode_extra:0x0
[    1.739306] UV: Found 8 hubs, 8 nodes, 288 CPUs
[    1.744476] UV: UVHUB node: 0 pn:01 nrcpus:36
[    1.749339] UV: UVHUB node: 1 pn:00 nrcpus:36
[    1.754194] UV: UVHUB node: 2 pn:03 nrcpus:36
[    1.759056] UV: UVHUB node: 3 pn:02 nrcpus:36
[    1.763919] UV: UVHUB node: 4 pn:05 nrcpus:36
[    1.768783] UV: UVHUB node: 5 pn:04 nrcpus:36
[    1.773645] UV: UVHUB node: 6 pn:07 nrcpus:36
[    1.778508] UV: UVHUB node: 7 pn:06 nrcpus:36
[    1.783370] UV: min_pnode:00 max_pnode:07
[    1.787855] UV: MMIOH0 overlay 0x80068fffc0000000 base:0xfffc0000000 m_io:26
[    1.795726] UV: MMIOH0 redirect base 0x2(@0x483800) 0x0002
[    1.801854] UV: MMIOH0[000..015] NASID 0x0002 ADDR 0x0000000000000000 - 0x0000000040000000
[    1.811109] UV: MMIOH0 base:0xfffc0000000 shift:46 M_IO:26 MAX_IO:15
[    1.818202] UV: Map MMIOH0_HI base address NULL
[    1.823259] UV: MMIOH1 overlay 0x8009500000000000 base:0x100000000000 m_io:37
[    1.831216] UV: MMIOH1 redirect base 0x2(@0x484800) 0x0002
[    1.837341] UV: MMIOH1[000..000] NASID 0x0002 ADDR 0x0000000000000000 - 0x0000002000000000
[    1.846569] UV: MMIOH1[001..001] NASID 0x0000 ADDR 0x0000002000000000 - 0x0000004000000000
[    1.855797] UV: MMIOH1[002..002] NASID 0x0006 ADDR 0x0000004000000000 - 0x0000006000000000
[    1.865025] UV: MMIOH1[003..003] NASID 0x0004 ADDR 0x0000006000000000 - 0x0000008000000000
[    1.874254] UV: MMIOH1[004..004] NASID 0x000a ADDR 0x0000008000000000 - 0x000000a000000000
[    1.883481] UV: MMIOH1[005..005] NASID 0x0008 ADDR 0x000000a000000000 - 0x000000c000000000
[    1.892710] UV: MMIOH1[006..006] NASID 0x000e ADDR 0x000000c000000000 - 0x000000e000000000
[    1.901937] UV: MMIOH1[007..007] NASID 0x000c ADDR 0x000000e000000000 - 0x0000010000000000
[    1.911184] UV: MMIOH1[008..127] NASID 0x0002 ADDR 0x0000010000000000 - 0x0000100000000000
[    1.920412] UV: MMIOH1 base:0x100000000000 shift:46 M_IO:37 MAX_IO:127
[    1.927700] UV: Map MMIOH1_HI base address NULL
[    1.932758] UV: SMI NMI support: EXTIO_INT0
[    1.937534] UV: Hub NMI enabled
[    1.941186] Performance Events: PEBS fmt3+, 32-deep LBR, perf_event_intel: Skylake events, perf_event_intel: full-width counters, Intel PMU driver.
[    1.956030] ... version:                4
[    1.960507] ... bit width:              48
[    1.965080] ... generic registers:      4
[    1.969549] ... value mask:             0000ffffffffffff
[    1.975477] ... max period:             00007fffffffffff
[    1.981407] ... fixed-purpose events:   3
[    1.985882] ... event mask:             000000070000000f
[    2.001259] x86: Booting SMP configuration:
[    2.005934] .... node  #0, CPUs:  smpboot:      smpboot:    #1smpboot:    #2smpboot:    #3smpboot:    #4smpboot:    #5smpboot:    #6smpboot:    #7smpboot:    #8smpboot:    #9smpboot:   #10smpboot:   #11smpboot:   #12smpboot:   #13smpboot:   #14smpboot:   #15smpboot:   #16smpboot:   #17smpboot: 
[    2.127892] .... node  #1, CPUs:  smpboot:   #18smpboot:   #19smpboot:   #20smpboot:   #21smpboot:   #22smpboot:   #23smpboot:   #24smpboot:   #25smpboot:   #26smpboot:   #27smpboot:   #28smpboot:   #29smpboot:   #30smpboot:   #31smpboot:   #32smpboot:   #33smpboot:   #34smpboot:   #35smpboot: 
[    2.350083] .... node  #2, CPUs:  smpboot:   #36smpboot:   #37smpboot:   #38smpboot:   #39smpboot:   #40smpboot:   #41smpboot:   #42smpboot:   #43smpboot:   #44smpboot:   #45smpboot:   #46smpboot:   #47smpboot:   #48smpboot:   #49smpboot:   #50smpboot:   #51smpboot:   #52smpboot:   #53smpboot: 
[    2.573633] .... node  #3, CPUs:  smpboot:   #54smpboot:   #55smpboot:   #56smpboot:   #57smpboot:   #58smpboot:   #59smpboot:   #60smpboot:   #61smpboot:   #62smpboot:   #63smpboot:   #64smpboot:   #65smpboot:   #66smpboot:   #67smpboot:   #68smpboot:   #69smpboot:   #70smpboot:   #71smpboot: 
[    2.797890] .... node  #4, CPUs:  smpboot:   #72smpboot:   #73smpboot:   #74smpboot:   #75smpboot:   #76smpboot:   #77smpboot:   #78smpboot:   #79smpboot:   #80smpboot:   #81smpboot:   #82smpboot:   #83smpboot:   #84smpboot:   #85smpboot:   #86smpboot:   #87smpboot:   #88smpboot:   #89smpboot: 
[    3.022115] .... node  #5, CPUs:  smpboot:   #90smpboot:   #91smpboot:   #92smpboot:   #93smpboot:   #94smpboot:   #95smpboot:   #96smpboot:   #97smpboot:   #98smpboot:   #99smpboot:  #100smpboot:  #101smpboot:  #102smpboot:  #103smpboot:  #104smpboot:  #105smpboot:  #106smpboot:  #107smpboot: 
[    3.246181] .... node  #6, CPUs:  smpboot:  #108smpboot:  #109smpboot:  #110smpboot:  #111smpboot:  #112smpboot:  #113smpboot:  #114smpboot:  #115smpboot:  #116smpboot:  #117smpboot:  #118smpboot:  #119smpboot:  #120smpboot:  #121smpboot:  #122smpboot:  #123smpboot:  #124smpboot:  #125smpboot: 
[    3.470777] .... node  #7, CPUs:  smpboot:  #126smpboot:  #127smpboot:  #128smpboot:  #129smpboot:  #130smpboot:  #131smpboot:  #132smpboot:  #133smpboot:  #134smpboot:  #135smpboot:  #136smpboot:  #137smpboot:  #138smpboot:  #139smpboot:  #140smpboot:  #141smpboot:  #142smpboot:  #143smpboot: 
[    3.695054] .... node  #0, CPUs:  smpboot:  #144smpboot:  #145smpboot:  #146smpboot:  #147smpboot:  #148smpboot:  #149smpboot:  #150smpboot:  #151smpboot:  #152smpboot:  #153smpboot:  #154smpboot:  #155smpboot:  #156smpboot:  #157smpboot:  #158smpboot:  #159smpboot:  #160smpboot:  #161smpboot: 
[    3.824862] .... node  #1, CPUs:  smpboot:  #162smpboot:  #163smpboot:  #164smpboot:  #165smpboot:  #166smpboot:  #167smpboot:  #168smpboot:  #169smpboot:  #170smpboot:  #171smpboot:  #172smpboot:  #173smpboot:  #174smpboot:  #175smpboot:  #176smpboot:  #177smpboot:  #178smpboot:  #179smpboot: 
[    3.952001] .... node  #2, CPUs:  smpboot:  #180smpboot:  #181smpboot:  #182smpboot:  #183smpboot:  #184smpboot:  #185smpboot:  #186smpboot:  #187smpboot:  #188smpboot:  #189smpboot:  #190smpboot:  #191smpboot:  #192smpboot:  #193smpboot:  #194smpboot:  #195smpboot:  #196smpboot:  #197smpboot: 
[    4.080609] .... node  #3, CPUs:  smpboot:  #198smpboot:  #199smpboot:  #200smpboot:  #201smpboot:  #202smpboot:  #203smpboot:  #204smpboot:  #205smpboot:  #206smpboot:  #207smpboot:  #208smpboot:  #209smpboot:  #210smpboot:  #211smpboot:  #212smpboot:  #213smpboot:  #214smpboot:  #215smpboot: 
[    4.209840] .... node  #4, CPUs:  smpboot:  #216smpboot:  #217smpboot:  #218smpboot:  #219smpboot:  #220smpboot:  #221smpboot:  #222smpboot:  #223smpboot:  #224smpboot:  #225smpboot:  #226smpboot:  #227smpboot:  #228smpboot:  #229smpboot:  #230smpboot:  #231smpboot:  #232smpboot:  #233smpboot: 
[    4.339303] .... node  #5, CPUs:  smpboot:  #234smpboot:  #235smpboot:  #236smpboot:  #237smpboot:  #238smpboot:  #239smpboot:  #240smpboot:  #241smpboot:  #242smpboot:  #243smpboot:  #244smpboot:  #245smpboot:  #246smpboot:  #247smpboot:  #248smpboot:  #249smpboot:  #250smpboot:  #251smpboot: 
[    4.469592] .... node  #6, CPUs:  smpboot:  #252smpboot:  #253smpboot:  #254smpboot:  #255smpboot:  #256smpboot:  #257smpboot:  #258smpboot:  #259smpboot:  #260smpboot:  #261smpboot:  #262smpboot:  #263smpboot:  #264smpboot:  #265smpboot:  #266smpboot:  #267smpboot:  #268smpboot:  #269smpboot: 
[    4.599346] .... node  #7, CPUs:  smpboot:  #270smpboot:  #271smpboot:  #272smpboot:  #273smpboot:  #274smpboot:  #275smpboot:  #276smpboot:  #277smpboot:  #278smpboot:  #279smpboot:  #280smpboot:  #281smpboot:  #282smpboot:  #283smpboot:  #284smpboot:  #285smpboot:  #286smpboot:  #287
[    4.727894] x86: Booted up 8 nodes, 288 CPUs
[    4.732893] smpboot: Total of 288 processors activated (1728997.83 BogoMIPS)
[   10.806016] node 0 initialised, 190479926 pages in 4564ms
[   10.817271] node 3 initialised, 191368759 pages in 4572ms
[   10.822246] node 5 initialised, 191368759 pages in 4576ms
[   10.822484] node 4 initialised, 191368759 pages in 4576ms
[   10.826135] node 2 initialised, 191368759 pages in 4580ms
[   10.829975] node 1 initialised, 191368759 pages in 4584ms
[   10.847669] node 6 initialised, 191368759 pages in 4600ms
[   10.913836] node 7 initialised, 191366573 pages in 4668ms
[   11.259949] devtmpfs: initialized
[   11.263940] Using 2GB memory block size for large-memory system
[   11.322090] evm: security.selinux
[   11.325792] evm: security.ima
[   11.329105] evm: security.capability
[   11.333556] PM: Registering ACPI NVS region [mem 0x79fbd000-0x7a2a0fff] (3031040 bytes)
[   11.342608] PM: Registering ACPI NVS region [mem 0x7ce9d000-0x7ce9dfff] (4096 bytes)
[   11.354225] clocksource: jiffies: mask: 0xffffffff max_cycles: 0xffffffff, max_idle_ns: 7645041785100000 ns
[   11.365574] futex hash table entries: 131072 (order: 11, 8388608 bytes)
[   11.379802] pinctrl core: initialized pinctrl subsystem
[   11.385824] RTC time:  6:03:34, date: 03/19/19
[   11.392655] NET: Registered protocol family 16
[   11.417635] cpuidle: using governor ladder
[   11.434222] cpuidle: using governor menu
[   11.440178] clocksource: sgi_rtc: mask: 0xffffffffffffff max_cycles: 0x481273556d, max_idle_ns: 440795202291 ns
[   11.451445] UV RTC clocksource registered freq 312 MHz
[   11.457197] ACPI FADT declares the system doesn't support PCIe ASPM, so disable it
[   11.465649] ACPI: bus type PCI registered
[   11.470124] acpiphp: ACPI Hot Plug PCI Controller Driver version: 0.5
[   11.477888] PCI: MMCONFIG for domain 0000 [bus 00-fe] at [mem 0x80000000-0x8fefffff] (base 0x80000000)
[   11.488282] PCI: MMCONFIG for domain 0001 [bus 00-fe] at [mem 0xfff00000000-0xfff0fefffff] (base 0xfff00000000)
[   11.499547] PCI: MMCONFIG for domain 0002 [bus 00-fe] at [mem 0xfff30000000-0xfff3fefffff] (base 0xfff30000000)
[   11.510812] PCI: MMCONFIG for domain 0003 [bus 00-fe] at [mem 0xfff20000000-0xfff2fefffff] (base 0xfff20000000)
[   11.522079] PCI: MMCONFIG for domain 0004 [bus 00-fe] at [mem 0xfff50000000-0xfff5fefffff] (base 0xfff50000000)
[   11.533346] PCI: MMCONFIG for domain 0005 [bus 00-fe] at [mem 0xfff40000000-0xfff4fefffff] (base 0xfff40000000)
[   11.544611] PCI: MMCONFIG for domain 0006 [bus 00-fe] at [mem 0xfff70000000-0xfff7fefffff] (base 0xfff70000000)
[   11.555879] PCI: MMCONFIG for domain 0007 [bus 00-fe] at [mem 0xfff60000000-0xfff6fefffff] (base 0xfff60000000)
[   11.567142] PCI: MMCONFIG at [mem 0x80000000-0x8fefffff] reserved in E820
[   11.574723] PCI: MMCONFIG at [mem 0xfff00000000-0xfff0fefffff] reserved in E820
[   11.582883] PCI: MMCONFIG at [mem 0xfff30000000-0xfff3fefffff] reserved in E820
[   11.591045] PCI: MMCONFIG at [mem 0xfff20000000-0xfff2fefffff] reserved in E820
[   11.599205] PCI: MMCONFIG at [mem 0xfff50000000-0xfff5fefffff] reserved in E820
[   11.607366] PCI: MMCONFIG at [mem 0xfff40000000-0xfff4fefffff] reserved in E820
[   11.615528] PCI: MMCONFIG at [mem 0xfff70000000-0xfff7fefffff] reserved in E820
[   11.623688] PCI: MMCONFIG at [mem 0xfff60000000-0xfff6fefffff] reserved in E820
[   11.631961] PCI: Using configuration type 1 for base access
[   11.687165] ACPI: Added _OSI(Module Device)
[   11.691839] ACPI: Added _OSI(Processor Device)
[   11.696800] ACPI: Added _OSI(3.0 _SCP Extensions)
[   11.702055] ACPI: Added _OSI(Processor Aggregator Device)
[   12.030003] ACPI: Interpreter enabled
[   12.034131] ACPI: (supports S0 S5)
[   12.037927] ACPI: Using IOAPIC for interrupt routing
[   12.043625] HEST: Table parsing has been initialized.
[   12.049265] PCI: Using host bridge windows from ACPI; if necessary, use "pci=nocrs" and report a bug
[   12.113720] ACPI: PCI Root Bridge [PC00] (domain 0000 [bus 00-3f])
[   12.120630] acpi PNP0A08:00: _OSC: OS supports [ExtendedConfig ASPM ClockPM Segments MSI]
[   12.129840] acpi PNP0A08:00: PCIe AER handled by firmware
[   12.136034] acpi PNP0A08:00: _OSC: OS now controls [PCIeHotplug PME PCIeCapability]
[   12.144584] acpi PNP0A08:00: FADT indicates ASPM is unsupported, using BIOS configuration
[   12.156772] PCI host bridge to bus 0000:00
[   12.161350] pci_bus 0000:00: root bus resource [io  0x0000-0x0cf7 window]
[   12.168929] pci_bus 0000:00: root bus resource [io  0x2000-0x2fff window]
[   12.176510] pci_bus 0000:00: root bus resource [mem 0x000c4000-0x000c7fff window]
[   12.184866] pci_bus 0000:00: root bus resource [mem 0x000a0000-0x000bffff window]
[   12.193222] pci_bus 0000:00: root bus resource [mem 0x91000000-0x93ffffff window]
[   12.201578] pci_bus 0000:00: root bus resource [mem 0x100000000000-0x10003fffffff window]
[   12.210708] pci_bus 0000:00: root bus resource [bus 00-3f]
[   12.216845] pci 0000:00:00.0: [8086:2020] type 00 class 0x060000
[   12.218210] pci 0000:00:04.0: [8086:2021] type 00 class 0x088000
[   12.218223] pci 0000:00:04.0: reg 0x10: [mem 0x10000002c000-0x10000002ffff 64bit]
[   12.219525] pci 0000:00:04.1: [8086:2021] type 00 class 0x088000
[   12.219537] pci 0000:00:04.1: reg 0x10: [mem 0x100000028000-0x10000002bfff 64bit]
[   12.220847] pci 0000:00:04.2: [8086:2021] type 00 class 0x088000
[   12.220859] pci 0000:00:04.2: reg 0x10: [mem 0x100000024000-0x100000027fff 64bit]
[   12.222159] pci 0000:00:04.3: [8086:2021] type 00 class 0x088000
[   12.222170] pci 0000:00:04.3: reg 0x10: [mem 0x100000020000-0x100000023fff 64bit]
[   12.223475] pci 0000:00:04.4: [8086:2021] type 00 class 0x088000
[   12.223486] pci 0000:00:04.4: reg 0x10: [mem 0x10000001c000-0x10000001ffff 64bit]
[   12.224788] pci 0000:00:04.5: [8086:2021] type 00 class 0x088000
[   12.224800] pci 0000:00:04.5: reg 0x10: [mem 0x100000018000-0x10000001bfff 64bit]
[   12.226136] pci 0000:00:04.6: [8086:2021] type 00 class 0x088000
[   12.226148] pci 0000:00:04.6: reg 0x10: [mem 0x100000014000-0x100000017fff 64bit]
[   12.227440] pci 0000:00:04.7: [8086:2021] type 00 class 0x088000
[   12.227451] pci 0000:00:04.7: reg 0x10: [mem 0x100000010000-0x100000013fff 64bit]
[   12.228750] pci 0000:00:05.0: [8086:2024] type 00 class 0x088000
[   12.230048] pci 0000:00:05.2: [8086:2025] type 00 class 0x088000
[   12.231368] pci 0000:00:05.4: [8086:2026] type 00 class 0x080020
[   12.231378] pci 0000:00:05.4: reg 0x10: [mem 0x93b0a000-0x93b0afff]
[   12.232707] pci 0000:00:08.0: [8086:2014] type 00 class 0x088000
[   12.234027] pci 0000:00:08.1: [8086:2015] type 00 class 0x110100
[   12.235296] pci 0000:00:08.2: [8086:2016] type 00 class 0x088000
[   12.236584] pci 0000:00:11.0: [8086:a1ec] type 00 class 0xff0000
[   12.237956] pci 0000:00:11.1: [8086:a1ed] type 00 class 0xff0000
[   12.239302] pci 0000:00:11.5: [8086:a1d2] type 00 class 0x010601
[   12.239319] pci 0000:00:11.5: reg 0x10: [mem 0x93b06000-0x93b07fff]
[   12.239328] pci 0000:00:11.5: reg 0x14: [mem 0x93b09000-0x93b090ff]
[   12.239337] pci 0000:00:11.5: reg 0x18: [io  0x2068-0x206f]
[   12.239347] pci 0000:00:11.5: reg 0x1c: [io  0x2074-0x2077]
[   12.239355] pci 0000:00:11.5: reg 0x20: [io  0x2040-0x205f]
[   12.239365] pci 0000:00:11.5: reg 0x24: [mem 0x93a80000-0x93afffff]
[   12.239413] pci 0000:00:11.5: PME# supported from D3hot
[   12.240788] pci 0000:00:14.0: [8086:a1af] type 00 class 0x0c0330
[   12.240810] pci 0000:00:14.0: reg 0x10: [mem 0x100000000000-0x10000000ffff 64bit]
[   12.240890] pci 0000:00:14.0: PME# supported from D3hot D3cold
[   12.242221] pci 0000:00:14.0: System wakeup disabled by ACPI
[   12.248593] pci 0000:00:14.2: [8086:a1b1] type 00 class 0x118000
[   12.248614] pci 0000:00:14.2: reg 0x10: [mem 0x100000031000-0x100000031fff 64bit]
[   12.249962] pci 0000:00:17.0: [8086:2826] type 00 class 0x010400
[   12.249979] pci 0000:00:17.0: reg 0x10: [mem 0x93b04000-0x93b05fff]
[   12.249988] pci 0000:00:17.0: reg 0x14: [mem 0x93b08000-0x93b080ff]
[   12.249997] pci 0000:00:17.0: reg 0x18: [io  0x2060-0x2067]
[   12.250006] pci 0000:00:17.0: reg 0x1c: [io  0x2070-0x2073]
[   12.250015] pci 0000:00:17.0: reg 0x20: [io  0x2020-0x203f]
[   12.250025] pci 0000:00:17.0: reg 0x24: [mem 0x93a00000-0x93a7ffff]
[   12.250073] pci 0000:00:17.0: PME# supported from D3hot
[   12.251447] pci 0000:00:1d.0: [8086:a19b] type 01 class 0x060400
[   12.251524] pci 0000:00:1d.0: PME# supported from D0 D3hot D3cold
[   12.252879] pci 0000:00:1d.0: System wakeup disabled by ACPI
[   12.259260] pci 0000:00:1f.0: [8086:a1c2] type 00 class 0x060100
[   12.260714] pci 0000:00:1f.2: [8086:a1a1] type 00 class 0x058000
[   12.260726] pci 0000:00:1f.2: reg 0x10: [mem 0x93b00000-0x93b03fff]
[   12.262113] pci 0000:00:1f.4: [8086:a1a3] type 00 class 0x0c0500
[   12.262130] pci 0000:00:1f.4: reg 0x10: [mem 0x100000030000-0x1000000300ff 64bit]
[   12.262150] pci 0000:00:1f.4: reg 0x20: [io  0x2000-0x201f]
[   12.263432] pci 0000:00:1f.5: [8086:a1a4] type 00 class 0x0c8000
[   12.263447] pci 0000:00:1f.5: reg 0x10: [mem 0xfe010000-0xfe010fff]
[   12.264846] pci 0000:01:00.0: [19a2:0120] type 01 class 0x060400
[   12.264873] pci 0000:01:00.0: reg 0x10: [mem 0x93900000-0x93900fff 64bit]
[   12.265060] pci 0000:00:1d.0: PCI bridge to [bus 01-02]
[   12.270900] pci 0000:00:1d.0:   bridge window [mem 0x91000000-0x939fffff]
[   12.270969] pci 0000:02:00.0: [102b:0522] type 00 class 0x030000
[   12.270991] pci 0000:02:00.0: reg 0x10: [mem 0x92000000-0x92ffffff]
[   12.271003] pci 0000:02:00.0: reg 0x14: [mem 0x93810000-0x93813fff]
[   12.271016] pci 0000:02:00.0: reg 0x18: [mem 0x93000000-0x937fffff]
[   12.271061] pci 0000:02:00.0: reg 0x30: [mem 0x93800000-0x9380ffff pref]
[   12.271077] pci 0000:02:00.0: BAR 0: assigned to efifb
[   12.276923] pci 0000:02:01.0: [19a2:0800] type 00 class 0x0b4000
[   12.276937] pci 0000:02:01.0: reg 0x10: [mem 0x91000000-0x91ffffff]
[   12.276946] pci 0000:02:01.0: reg 0x14: [mem 0x93814000-0x938140ff]
[   12.276986] pci 0000:02:01.0: reg 0x30: [mem 0x93814800-0x93814fff pref]
[   12.277101] pci 0000:01:00.0: PCI bridge to [bus 02]
[   12.282654] pci 0000:01:00.0:   bridge window [mem 0x91000000-0x938fffff]
[   12.282658] pci 0000:01:00.0:   bridge window [mem 0x00000000-0x000fffff pref]
[   12.282675] pci_bus 0000:00: on NUMA node 0
[   12.283108] ACPI: PCI Interrupt Link [LNKA] (IRQs 3 4 5 6 10 *11 12 14 15)
[   12.291046] ACPI: PCI Interrupt Link [LNKB] (IRQs 3 4 5 6 *10 11 12 14 15)
[   12.298991] ACPI: PCI Interrupt Link [LNKC] (IRQs 3 4 5 6 10 *11 12 14 15)
[   12.306923] ACPI: PCI Interrupt Link [LNKD] (IRQs 3 4 5 6 10 *11 12 14 15)
[   12.314864] ACPI: PCI Interrupt Link [LNKE] (IRQs 3 4 5 6 10 *11 12 14 15)
[   12.322782] ACPI: PCI Interrupt Link [LNKF] (IRQs 3 4 5 6 10 *11 12 14 15)
[   12.330700] ACPI: PCI Interrupt Link [LNKG] (IRQs 3 4 5 6 10 *11 12 14 15)
[   12.338634] ACPI: PCI Interrupt Link [LNKH] (IRQs 3 4 5 6 10 *11 12 14 15)
[   12.352929] ACPI: PCI Root Bridge [I001] (domain 0000 [bus 40-7f])
[   12.359836] acpi PNP0A08:09: _OSC: OS supports [ExtendedConfig ASPM ClockPM Segments MSI]
[   12.369059] acpi PNP0A08:09: PCIe AER handled by firmware
[   12.375257] acpi PNP0A08:09: _OSC: OS now controls [PCIeHotplug PME PCIeCapability]
[   12.383807] acpi PNP0A08:09: FADT indicates ASPM is unsupported, using BIOS configuration
[   12.393031] PCI host bridge to bus 0000:40
[   12.397605] pci_bus 0000:40: root bus resource [mem 0x94000000-0x953fffff window]
[   12.405960] pci_bus 0000:40: root bus resource [mem 0x100800000000-0x10103fffffff window]
[   12.415093] pci_bus 0000:40: root bus resource [bus 40-7f]
[   12.421229] pci 0000:40:00.0: [8086:2030] type 01 class 0x060400
[   12.421295] pci 0000:40:00.0: PME# supported from D0 D3hot D3cold
[   12.421403] pci 0000:40:05.0: [8086:2034] type 00 class 0x088000
[   12.421517] pci 0000:40:05.2: [8086:2035] type 00 class 0x088000
[   12.421626] pci 0000:40:05.4: [8086:2036] type 00 class 0x080020
[   12.421636] pci 0000:40:05.4: reg 0x10: [mem 0x95000000-0x95000fff]
[   12.421756] pci 0000:40:08.0: [8086:208d] type 00 class 0x088000
[   12.421845] pci 0000:40:08.1: [8086:208d] type 00 class 0x088000
[   12.421927] pci 0000:40:08.2: [8086:208d] type 00 class 0x088000
[   12.422014] pci 0000:40:08.3: [8086:208d] type 00 class 0x088000
[   12.422097] pci 0000:40:08.4: [8086:208d] type 00 class 0x088000
[   12.422183] pci 0000:40:08.5: [8086:208d] type 00 class 0x088000
[   12.422264] pci 0000:40:08.6: [8086:208d] type 00 class 0x088000
[   12.422350] pci 0000:40:08.7: [8086:208d] type 00 class 0x088000
[   12.422432] pci 0000:40:09.0: [8086:208d] type 00 class 0x088000
[   12.422519] pci 0000:40:09.1: [8086:208d] type 00 class 0x088000
[   12.422605] pci 0000:40:09.2: [8086:208d] type 00 class 0x088000
[   12.422688] pci 0000:40:09.3: [8086:208d] type 00 class 0x088000
[   12.422770] pci 0000:40:09.4: [8086:208d] type 00 class 0x088000
[   12.422852] pci 0000:40:09.5: [8086:208d] type 00 class 0x088000
[   12.422938] pci 0000:40:09.6: [8086:208d] type 00 class 0x088000
[   12.423021] pci 0000:40:09.7: [8086:208d] type 00 class 0x088000
[   12.423107] pci 0000:40:0a.0: [8086:208d] type 00 class 0x088000
[   12.423199] pci 0000:40:0a.1: [8086:208d] type 00 class 0x088000
[   12.423281] pci 0000:40:0a.2: [8086:208d] type 00 class 0x088000
[   12.423363] pci 0000:40:0a.3: [8086:208d] type 00 class 0x088000
[   12.423442] pci 0000:40:0a.4: [8086:208d] type 00 class 0x088000
[   12.423521] pci 0000:40:0a.5: [8086:208d] type 00 class 0x088000
[   12.423600] pci 0000:40:0a.6: [8086:208d] type 00 class 0x088000
[   12.423684] pci 0000:40:0a.7: [8086:208d] type 00 class 0x088000
[   12.423767] pci 0000:40:0b.0: [8086:208d] type 00 class 0x088000
[   12.423851] pci 0000:40:0b.1: [8086:208d] type 00 class 0x088000
[   12.423933] pci 0000:40:0b.2: [8086:208d] type 00 class 0x088000
[   12.424014] pci 0000:40:0b.3: [8086:208d] type 00 class 0x088000
[   12.424102] pci 0000:40:0e.0: [8086:208e] type 00 class 0x088000
[   12.424182] pci 0000:40:0e.1: [8086:208e] type 00 class 0x088000
[   12.424262] pci 0000:40:0e.2: [8086:208e] type 00 class 0x088000
[   12.424344] pci 0000:40:0e.3: [8086:208e] type 00 class 0x088000
[   12.424425] pci 0000:40:0e.4: [8086:208e] type 00 class 0x088000
[   12.424506] pci 0000:40:0e.5: [8086:208e] type 00 class 0x088000
[   12.424584] pci 0000:40:0e.6: [8086:208e] type 00 class 0x088000
[   12.424668] pci 0000:40:0e.7: [8086:208e] type 00 class 0x088000
[   12.424751] pci 0000:40:0f.0: [8086:208e] type 00 class 0x088000
[   12.424835] pci 0000:40:0f.1: [8086:208e] type 00 class 0x088000
[   12.424920] pci 0000:40:0f.2: [8086:208e] type 00 class 0x088000
[   12.425001] pci 0000:40:0f.3: [8086:208e] type 00 class 0x088000
[   12.425088] pci 0000:40:0f.4: [8086:208e] type 00 class 0x088000
[   12.425169] pci 0000:40:0f.5: [8086:208e] type 00 class 0x088000
[   12.425253] pci 0000:40:0f.6: [8086:208e] type 00 class 0x088000
[   12.425335] pci 0000:40:0f.7: [8086:208e] type 00 class 0x088000
[   12.425419] pci 0000:40:10.0: [8086:208e] type 00 class 0x088000
[   12.425504] pci 0000:40:10.1: [8086:208e] type 00 class 0x088000
[   12.425588] pci 0000:40:10.2: [8086:208e] type 00 class 0x088000
[   12.425672] pci 0000:40:10.3: [8086:208e] type 00 class 0x088000
[   12.425756] pci 0000:40:10.4: [8086:208e] type 00 class 0x088000
[   12.425836] pci 0000:40:10.5: [8086:208e] type 00 class 0x088000
[   12.425915] pci 0000:40:10.6: [8086:208e] type 00 class 0x088000
[   12.425999] pci 0000:40:10.7: [8086:208e] type 00 class 0x088000
[   12.426079] pci 0000:40:11.0: [8086:208e] type 00 class 0x088000
[   12.426163] pci 0000:40:11.1: [8086:208e] type 00 class 0x088000
[   12.426249] pci 0000:40:11.2: [8086:208e] type 00 class 0x088000
[   12.426335] pci 0000:40:11.3: [8086:208e] type 00 class 0x088000
[   12.426436] pci 0000:40:1d.0: [8086:2054] type 00 class 0x088000
[   12.426519] pci 0000:40:1d.1: [8086:2055] type 00 class 0x088000
[   12.426602] pci 0000:40:1d.2: [8086:2056] type 00 class 0x088000
[   12.426685] pci 0000:40:1d.3: [8086:2057] type 00 class 0x088000
[   12.426772] pci 0000:40:1e.0: [8086:2080] type 00 class 0x088000
[   12.426856] pci 0000:40:1e.1: [8086:2081] type 00 class 0x088000
[   12.426942] pci 0000:40:1e.2: [8086:2082] type 00 class 0x088000
[   12.427031] pci 0000:40:1e.3: [8086:2083] type 00 class 0x088000
[   12.427117] pci 0000:40:1e.4: [8086:2084] type 00 class 0x088000
[   12.427200] pci 0000:40:1e.5: [8086:2085] type 00 class 0x088000
[   12.427282] pci 0000:40:1e.6: [8086:2086] type 00 class 0x088000
[   12.427420] pci 0000:41:00.0: [10de:1db6] type 00 class 0x030200
[   12.427431] pci 0000:41:00.0: reg 0x10: [mem 0x94000000-0x94ffffff]
[   12.427440] pci 0000:41:00.0: reg 0x14: [mem 0x100800000000-0x100fffffffff 64bit pref]
[   12.427449] pci 0000:41:00.0: reg 0x1c: [mem 0x101000000000-0x101001ffffff 64bit pref]
[   12.427589] pci 0000:40:00.0: PCI bridge to [bus 41]
[   12.433136] pci 0000:40:00.0:   bridge window [mem 0x94000000-0x94ffffff]
[   12.433141] pci 0000:40:00.0:   bridge window [mem 0x100800000000-0x101001ffffff 64bit pref]
[   12.433152] pci_bus 0000:40: on NUMA node 0
[   12.433211] ACPI: PCI Root Bridge [I002] (domain 0000 [bus 80-bf])
[   12.440114] acpi PNP0A08:0a: _OSC: OS supports [ExtendedConfig ASPM ClockPM Segments MSI]
[   12.449338] acpi PNP0A08:0a: PCIe AER handled by firmware
[   12.455536] acpi PNP0A08:0a: _OSC: OS now controls [PCIeHotplug PME PCIeCapability]
[   12.464084] acpi PNP0A08:0a: FADT indicates ASPM is unsupported, using BIOS configuration
[   12.473302] PCI host bridge to bus 0000:80
[   12.477877] pci_bus 0000:80: root bus resource [mem 0x95400000-0x957fffff window]
[   12.486232] pci_bus 0000:80: root bus resource [mem 0x101040000000-0x10107fffffff window]
[   12.495355] pci_bus 0000:80: root bus resource [bus 80-bf]
[   12.501489] pci 0000:80:00.0: [8086:2030] type 01 class 0x060400
[   12.501553] pci 0000:80:00.0: PME# supported from D0 D3hot D3cold
[   12.501661] pci 0000:80:05.0: [8086:2034] type 00 class 0x088000
[   12.501771] pci 0000:80:05.2: [8086:2035] type 00 class 0x088000
[   12.501879] pci 0000:80:05.4: [8086:2036] type 00 class 0x080020
[   12.501889] pci 0000:80:05.4: reg 0x10: [mem 0x95500000-0x95500fff]
[   12.502007] pci 0000:80:08.0: [8086:2066] type 00 class 0x088000
[   12.502114] pci 0000:80:09.0: [8086:2066] type 00 class 0x088000
[   12.502218] pci 0000:80:0a.0: [8086:2040] type 00 class 0x088000
[   12.502322] pci 0000:80:0a.1: [8086:2041] type 00 class 0x088000
[   12.502425] pci 0000:80:0a.2: [8086:2042] type 00 class 0x088000
[   12.502526] pci 0000:80:0a.3: [8086:2043] type 00 class 0x088000
[   12.502622] pci 0000:80:0a.4: [8086:2044] type 00 class 0x088000
[   12.502718] pci 0000:80:0a.5: [8086:2045] type 00 class 0x088000
[   12.502822] pci 0000:80:0a.6: [8086:2046] type 00 class 0x088000
[   12.502927] pci 0000:80:0a.7: [8086:2047] type 00 class 0x088000
[   12.503031] pci 0000:80:0b.0: [8086:2048] type 00 class 0x088000
[   12.503132] pci 0000:80:0b.1: [8086:2049] type 00 class 0x088000
[   12.503229] pci 0000:80:0b.2: [8086:204a] type 00 class 0x088000
[   12.503330] pci 0000:80:0b.3: [8086:204b] type 00 class 0x088000
[   12.503431] pci 0000:80:0c.0: [8086:2040] type 00 class 0x088000
[   12.503531] pci 0000:80:0c.1: [8086:2041] type 00 class 0x088000
[   12.503627] pci 0000:80:0c.2: [8086:2042] type 00 class 0x088000
[   12.503726] pci 0000:80:0c.3: [8086:2043] type 00 class 0x088000
[   12.503825] pci 0000:80:0c.4: [8086:2044] type 00 class 0x088000
[   12.503925] pci 0000:80:0c.5: [8086:2045] type 00 class 0x088000
[   12.504022] pci 0000:80:0c.6: [8086:2046] type 00 class 0x088000
[   12.504121] pci 0000:80:0c.7: [8086:2047] type 00 class 0x088000
[   12.504220] pci 0000:80:0d.0: [8086:2048] type 00 class 0x088000
[   12.504320] pci 0000:80:0d.1: [8086:2049] type 00 class 0x088000
[   12.504417] pci 0000:80:0d.2: [8086:204a] type 00 class 0x088000
[   12.504518] pci 0000:80:0d.3: [8086:204b] type 00 class 0x088000
[   12.504680] pci 0000:81:00.0: [1077:2261] type 00 class 0x0c0400
[   12.504707] pci 0000:81:00.0: reg 0x10: [mem 0x101040205000-0x101040205fff 64bit pref]
[   12.504727] pci 0000:81:00.0: reg 0x18: [mem 0x101040202000-0x101040203fff 64bit pref]
[   12.504747] pci 0000:81:00.0: reg 0x20: [mem 0x101040100000-0x1010401fffff 64bit pref]
[   12.504761] pci 0000:81:00.0: reg 0x30: [mem 0x95440000-0x9547ffff pref]
[   12.504942] pci 0000:81:00.1: [1077:2261] type 00 class 0x0c0400
[   12.504969] pci 0000:81:00.1: reg 0x10: [mem 0x101040204000-0x101040204fff 64bit pref]
[   12.504989] pci 0000:81:00.1: reg 0x18: [mem 0x101040200000-0x101040201fff 64bit pref]
[   12.505009] pci 0000:81:00.1: reg 0x20: [mem 0x101040000000-0x1010400fffff 64bit pref]
[   12.505022] pci 0000:81:00.1: reg 0x30: [mem 0x95400000-0x9543ffff pref]
[   12.513507] pci 0000:80:00.0: PCI bridge to [bus 81]
[   12.519054] pci 0000:80:00.0:   bridge window [mem 0x95400000-0x954fffff]
[   12.519059] pci 0000:80:00.0:   bridge window [mem 0x101040000000-0x1010402fffff 64bit pref]
[   12.519067] pci_bus 0000:80: on NUMA node 0
[   12.519109] ACPI: PCI Root Bridge [I003] (domain 0000 [bus c0-fe])
[   12.526014] acpi PNP0A08:0b: _OSC: OS supports [ExtendedConfig ASPM ClockPM Segments MSI]
[   12.535235] acpi PNP0A08:0b: PCIe AER handled by firmware
[   12.541430] acpi PNP0A08:0b: _OSC: OS now controls [PCIeHotplug PME PCIeCapability]
[   12.549980] acpi PNP0A08:0b: FADT indicates ASPM is unsupported, using BIOS configuration
[   12.559203] PCI host bridge to bus 0000:c0
[   12.563779] pci_bus 0000:c0: root bus resource [mem 0x95800000-0x963fffff window]
[   12.572136] pci_bus 0000:c0: root bus resource [mem 0x101080000000-0x1010bfffffff window]
[   12.581268] pci_bus 0000:c0: root bus resource [bus c0-fe]
[   12.587403] pci 0000:c0:00.0: [8086:2030] type 01 class 0x060400
[   12.587471] pci 0000:c0:00.0: PME# supported from D0 D3hot D3cold
[   12.587581] pci 0000:c0:02.0: [8086:2032] type 01 class 0x060400
[   12.587648] pci 0000:c0:02.0: PME# supported from D0 D3hot D3cold
[   12.587745] pci 0000:c0:05.0: [8086:2034] type 00 class 0x088000
[   12.587860] pci 0000:c0:05.2: [8086:2035] type 00 class 0x088000
[   12.587973] pci 0000:c0:05.4: [8086:2036] type 00 class 0x080020
[   12.587983] pci 0000:c0:05.4: reg 0x10: [mem 0x95f00000-0x95f00fff]
[   12.588112] pci 0000:c0:0e.0: [8086:2058] type 00 class 0x110100
[   12.588211] pci 0000:c0:0e.1: [8086:2059] type 00 class 0x088000
[   12.588315] pci 0000:c0:0e.2: [8086:205a] type 00 class 0x088000
[   12.588421] pci 0000:c0:0e.3: [8086:205b] type 00 class 0x088000
[   12.588530] pci 0000:c0:0f.0: [8086:2058] type 00 class 0x110100
[   12.588632] pci 0000:c0:0f.1: [8086:2059] type 00 class 0x088000
[   12.588729] pci 0000:c0:0f.2: [8086:205a] type 00 class 0x088000
[   12.588833] pci 0000:c0:10.0: [8086:2058] type 00 class 0x110100
[   12.588930] pci 0000:c0:10.1: [8086:2059] type 00 class 0x088000
[   12.589029] pci 0000:c0:10.2: [8086:205a] type 00 class 0x088000
[   12.589125] pci 0000:c0:10.3: [8086:205b] type 00 class 0x088000
[   12.589235] pci 0000:c0:12.0: [8086:204c] type 00 class 0x110100
[   12.589329] pci 0000:c0:12.1: [8086:204d] type 00 class 0x110100
[   12.589411] pci 0000:c0:12.2: [8086:204e] type 00 class 0x088000
[   12.589496] pci 0000:c0:12.4: [8086:204c] type 00 class 0x110100
[   12.589591] pci 0000:c0:12.5: [8086:204d] type 00 class 0x110100
[   12.589675] pci 0000:c0:15.0: [8086:2018] type 00 class 0x088000
[   12.589760] pci 0000:c0:16.0: [8086:2018] type 00 class 0x088000
[   12.589848] pci 0000:c0:16.4: [8086:2018] type 00 class 0x088000
[   12.589934] pci 0000:c0:17.0: [8086:2018] type 00 class 0x088000
[   12.590073] pci 0000:c1:00.0: [8086:37c0] type 01 class 0x060400
[   12.590089] pci 0000:c1:00.0: reg 0x10: [mem 0x95e00000-0x95e1ffff 64bit]
[   12.590097] pci 0000:c1:00.0: reg 0x38: [mem 0x95d00000-0x95dfffff pref]
[   12.590141] pci 0000:c1:00.0: PME# supported from D0 D3hot D3cold
[   12.599417] pci 0000:c0:00.0: PCI bridge to [bus c1-c4]
[   12.605260] pci 0000:c0:00.0:   bridge window [mem 0x95b00000-0x95efffff]
[   12.605265] pci 0000:c0:00.0:   bridge window [mem 0x101080000000-0x1010852fffff 64bit pref]
[   12.605316] pci 0000:c2:03.0: [8086:37c5] type 01 class 0x060400
[   12.605391] pci 0000:c2:03.0: PME# supported from D0 D3hot D3cold
[   12.605496] pci 0000:c1:00.0: PCI bridge to [bus c2-c4]
[   12.611334] pci 0000:c1:00.0:   bridge window [mem 0x95b00000-0x95cfffff]
[   12.611339] pci 0000:c1:00.0:   bridge window [mem 0x101080000000-0x1010852fffff 64bit pref]
[   12.611395] pci 0000:c3:00.0: [8086:37d2] type 00 class 0x020000
[   12.611415] pci 0000:c3:00.0: reg 0x10: [mem 0x101083000000-0x101083ffffff 64bit pref]
[   12.611437] pci 0000:c3:00.0: reg 0x1c: [mem 0x101085018000-0x10108501ffff 64bit pref]
[   12.611454] pci 0000:c3:00.0: reg 0x30: [mem 0x95c80000-0x95cfffff pref]
[   12.611523] pci 0000:c3:00.0: PME# supported from D0 D3hot D3cold
[   12.611560] pci 0000:c3:00.0: reg 0x184: [mem 0x101084c00000-0x101084c1ffff 64bit pref]
[   12.611562] pci 0000:c3:00.0: VF(n) BAR0 space: [mem 0x101084c00000-0x101084ffffff 64bit pref] (contains BAR0 for 32 VFs)
[   12.623814] pci 0000:c3:00.0: reg 0x190: [mem 0x1010851a0000-0x1010851a3fff 64bit pref]
[   12.623816] pci 0000:c3:00.0: VF(n) BAR3 space: [mem 0x1010851a0000-0x10108521ffff 64bit pref] (contains BAR3 for 32 VFs)
[   12.636237] pci 0000:c3:00.1: [8086:37d2] type 00 class 0x020000
[   12.636256] pci 0000:c3:00.1: reg 0x10: [mem 0x101082000000-0x101082ffffff 64bit pref]
[   12.636278] pci 0000:c3:00.1: reg 0x1c: [mem 0x101085010000-0x101085017fff 64bit pref]
[   12.636295] pci 0000:c3:00.1: reg 0x30: [mem 0x95c00000-0x95c7ffff pref]
[   12.636364] pci 0000:c3:00.1: PME# supported from D0 D3hot D3cold
[   12.636396] pci 0000:c3:00.1: reg 0x184: [mem 0x101084800000-0x10108481ffff 64bit pref]
[   12.636398] pci 0000:c3:00.1: VF(n) BAR0 space: [mem 0x101084800000-0x101084bfffff 64bit pref] (contains BAR0 for 32 VFs)
[   12.648652] pci 0000:c3:00.1: reg 0x190: [mem 0x101085120000-0x101085123fff 64bit pref]
[   12.648654] pci 0000:c3:00.1: VF(n) BAR3 space: [mem 0x101085120000-0x10108519ffff 64bit pref] (contains BAR3 for 32 VFs)
[   12.661079] pci 0000:c3:00.2: [8086:37d2] type 00 class 0x020000
[   12.661098] pci 0000:c3:00.2: reg 0x10: [mem 0x101081000000-0x101081ffffff 64bit pref]
[   12.661119] pci 0000:c3:00.2: reg 0x1c: [mem 0x101085008000-0x10108500ffff 64bit pref]
[   12.661136] pci 0000:c3:00.2: reg 0x30: [mem 0x95b80000-0x95bfffff pref]
[   12.661206] pci 0000:c3:00.2: PME# supported from D0 D3hot D3cold
[   12.661237] pci 0000:c3:00.2: reg 0x184: [mem 0x101084400000-0x10108441ffff 64bit pref]
[   12.661239] pci 0000:c3:00.2: VF(n) BAR0 space: [mem 0x101084400000-0x1010847fffff 64bit pref] (contains BAR0 for 32 VFs)
[   12.673492] pci 0000:c3:00.2: reg 0x190: [mem 0x1010850a0000-0x1010850a3fff 64bit pref]
[   12.673494] pci 0000:c3:00.2: VF(n) BAR3 space: [mem 0x1010850a0000-0x10108511ffff 64bit pref] (contains BAR3 for 32 VFs)
[   12.685917] pci 0000:c3:00.3: [8086:37d2] type 00 class 0x020000
[   12.685936] pci 0000:c3:00.3: reg 0x10: [mem 0x101080000000-0x101080ffffff 64bit pref]
[   12.685957] pci 0000:c3:00.3: reg 0x1c: [mem 0x101085000000-0x101085007fff 64bit pref]
[   12.685975] pci 0000:c3:00.3: reg 0x30: [mem 0x95b00000-0x95b7ffff pref]
[   12.686043] pci 0000:c3:00.3: PME# supported from D0 D3hot D3cold
[   12.686075] pci 0000:c3:00.3: reg 0x184: [mem 0x101084000000-0x10108401ffff 64bit pref]
[   12.686077] pci 0000:c3:00.3: VF(n) BAR0 space: [mem 0x101084000000-0x1010843fffff 64bit pref] (contains BAR0 for 32 VFs)
[   12.698327] pci 0000:c3:00.3: reg 0x190: [mem 0x101085020000-0x101085023fff 64bit pref]
[   12.698329] pci 0000:c3:00.3: VF(n) BAR3 space: [mem 0x101085020000-0x10108509ffff 64bit pref] (contains BAR3 for 32 VFs)
[   12.710773] pci 0000:c2:03.0: PCI bridge to [bus c3-c4]
[   12.716613] pci 0000:c2:03.0:   bridge window [mem 0x95b00000-0x95cfffff]
[   12.716618] pci 0000:c2:03.0:   bridge window [mem 0x101080000000-0x1010852fffff 64bit pref]
[   12.716686] pci 0000:c5:00.0: [1000:005d] type 00 class 0x010400
[   12.716698] pci 0000:c5:00.0: reg 0x10: [io  0x0000-0x00ff]
[   12.716708] pci 0000:c5:00.0: reg 0x14: [mem 0x95a00000-0x95a0ffff 64bit]
[   12.716718] pci 0000:c5:00.0: reg 0x1c: [mem 0x95800000-0x958fffff 64bit]
[   12.716731] pci 0000:c5:00.0: reg 0x30: [mem 0x95900000-0x959fffff pref]
[   12.716930] pci 0000:c5:00.0: supports D1 D2
[   12.717027] pci 0000:c0:02.0: PCI bridge to [bus c5]
[   12.722572] pci 0000:c0:02.0:   bridge window [mem 0x95800000-0x95afffff]
[   12.722589] pci_bus 0000:c0: on NUMA node 0
[   12.722635] ACPI: PCI Root Bridge [I004] (domain 0001 [bus 00-3f])
[   12.729538] acpi PNP0A08:0c: _OSC: OS supports [ExtendedConfig ASPM ClockPM Segments MSI]
[   12.738761] acpi PNP0A08:0c: PCIe AER handled by firmware
[   12.744959] acpi PNP0A08:0c: _OSC: OS now controls [PCIeHotplug PME PCIeCapability]
[   12.753510] acpi PNP0A08:0c: FADT indicates ASPM is unsupported, using BIOS configuration
[   12.762733] PCI host bridge to bus 0001:00
[   12.767309] pci_bus 0001:00: root bus resource [mem 0x102000000000-0x10203fffffff window]
[   12.776441] pci_bus 0001:00: root bus resource [bus 00-3f]
[   12.782574] pci 0001:00:04.0: [8086:2021] type 00 class 0x088000
[   12.782583] pci 0001:00:04.0: reg 0x10: [mem 0x10200001c000-0x10200001ffff 64bit]
[   12.782697] pci 0001:00:04.1: [8086:2021] type 00 class 0x088000
[   12.782706] pci 0001:00:04.1: reg 0x10: [mem 0x102000018000-0x10200001bfff 64bit]
[   12.782805] pci 0001:00:04.2: [8086:2021] type 00 class 0x088000
[   12.782814] pci 0001:00:04.2: reg 0x10: [mem 0x102000014000-0x102000017fff 64bit]
[   12.782917] pci 0001:00:04.3: [8086:2021] type 00 class 0x088000
[   12.782926] pci 0001:00:04.3: reg 0x10: [mem 0x102000010000-0x102000013fff 64bit]
[   12.783026] pci 0001:00:04.4: [8086:2021] type 00 class 0x088000
[   12.783035] pci 0001:00:04.4: reg 0x10: [mem 0x10200000c000-0x10200000ffff 64bit]
[   12.783138] pci 0001:00:04.5: [8086:2021] type 00 class 0x088000
[   12.783147] pci 0001:00:04.5: reg 0x10: [mem 0x102000008000-0x10200000bfff 64bit]
[   12.783250] pci 0001:00:04.6: [8086:2021] type 00 class 0x088000
[   12.783258] pci 0001:00:04.6: reg 0x10: [mem 0x102000004000-0x102000007fff 64bit]
[   12.783360] pci 0001:00:04.7: [8086:2021] type 00 class 0x088000
[   12.783369] pci 0001:00:04.7: reg 0x10: [mem 0x102000000000-0x102000003fff 64bit]
[   12.783466] pci 0001:00:05.0: [8086:2024] type 00 class 0x088000
[   12.783560] pci 0001:00:05.2: [8086:2025] type 00 class 0x088000
[   12.783655] pci 0001:00:08.0: [8086:2014] type 00 class 0x088000
[   12.783738] pci 0001:00:08.1: [8086:2015] type 00 class 0x110100
[   12.783820] pci 0001:00:08.2: [8086:2016] type 00 class 0x088000
[   12.783915] pci_bus 0001:00: on NUMA node 1
[   12.783953] ACPI: PCI Root Bridge [I005] (domain 0001 [bus 40-7f])
[   12.790858] acpi PNP0A08:0d: _OSC: OS supports [ExtendedConfig ASPM ClockPM Segments MSI]
[   12.800078] acpi PNP0A08:0d: PCIe AER handled by firmware
[   12.806275] acpi PNP0A08:0d: _OSC: OS now controls [PCIeHotplug PME PCIeCapability]
[   12.814824] acpi PNP0A08:0d: FADT indicates ASPM is unsupported, using BIOS configuration
[   12.824041] PCI host bridge to bus 0001:40
[   12.828614] pci_bus 0001:40: root bus resource [bus 40-7f]
[   12.834749] pci 0001:40:05.0: [8086:2034] type 00 class 0x088000
[   12.834863] pci 0001:40:05.2: [8086:2035] type 00 class 0x088000
[   12.834965] pci 0001:40:08.0: [8086:208d] type 00 class 0x088000
[   12.835044] pci 0001:40:08.1: [8086:208d] type 00 class 0x088000
[   12.835116] pci 0001:40:08.2: [8086:208d] type 00 class 0x088000
[   12.835193] pci 0001:40:08.3: [8086:208d] type 00 class 0x088000
[   12.835270] pci 0001:40:08.4: [8086:208d] type 00 class 0x088000
[   12.835345] pci 0001:40:08.5: [8086:208d] type 00 class 0x088000
[   12.835419] pci 0001:40:08.6: [8086:208d] type 00 class 0x088000
[   12.835492] pci 0001:40:08.7: [8086:208d] type 00 class 0x088000
[   12.835568] pci 0001:40:09.0: [8086:208d] type 00 class 0x088000
[   12.835642] pci 0001:40:09.1: [8086:208d] type 00 class 0x088000
[   12.835715] pci 0001:40:09.2: [8086:208d] type 00 class 0x088000
[   12.835787] pci 0001:40:09.3: [8086:208d] type 00 class 0x088000
[   12.835861] pci 0001:40:09.4: [8086:208d] type 00 class 0x088000
[   12.835935] pci 0001:40:09.5: [8086:208d] type 00 class 0x088000
[   12.836008] pci 0001:40:09.6: [8086:208d] type 00 class 0x088000
[   12.836085] pci 0001:40:09.7: [8086:208d] type 00 class 0x088000
[   12.836157] pci 0001:40:0a.0: [8086:208d] type 00 class 0x088000
[   12.836229] pci 0001:40:0a.1: [8086:208d] type 00 class 0x088000
[   12.836303] pci 0001:40:0a.2: [8086:208d] type 00 class 0x088000
[   12.836373] pci 0001:40:0a.3: [8086:208d] type 00 class 0x088000
[   12.836443] pci 0001:40:0a.4: [8086:208d] type 00 class 0x088000
[   12.836515] pci 0001:40:0a.5: [8086:208d] type 00 class 0x088000
[   12.836588] pci 0001:40:0a.6: [8086:208d] type 00 class 0x088000
[   12.836662] pci 0001:40:0a.7: [8086:208d] type 00 class 0x088000
[   12.836736] pci 0001:40:0b.0: [8086:208d] type 00 class 0x088000
[   12.836807] pci 0001:40:0b.1: [8086:208d] type 00 class 0x088000
[   12.836882] pci 0001:40:0b.2: [8086:208d] type 00 class 0x088000
[   12.836954] pci 0001:40:0b.3: [8086:208d] type 00 class 0x088000
[   12.837033] pci 0001:40:0e.0: [8086:208e] type 00 class 0x088000
[   12.837104] pci 0001:40:0e.1: [8086:208e] type 00 class 0x088000
[   12.837179] pci 0001:40:0e.2: [8086:208e] type 00 class 0x088000
[   12.837255] pci 0001:40:0e.3: [8086:208e] type 00 class 0x088000
